08:08:38 c rep 1 start:  08:08:38 up 46 days, 22:32, 16 users,  load average: 2.44, 2.74, 1.80
08:12:29 c rep 1 end:    08:12:29 up 46 days, 22:35, 17 users,  load average: 13.51, 8.35, 4.29
08:12:29 c-filc rep 1 start:  08:12:29 up 46 days, 22:35, 17 users,  load average: 13.51, 8.35, 4.29
08:16:20 c-filc rep 1 end:    08:16:20 up 46 days, 22:39, 18 users,  load average: 8.11, 7.73, 4.90
08:16:20 rust rep 1 start:  08:16:20 up 46 days, 22:39, 18 users,  load average: 8.11, 7.73, 4.90
08:20:11 rust rep 1 end:    08:20:11 up 46 days, 22:43, 17 users,  load average: 5.42, 6.31, 4.92
08:20:11 reference rep 1 start:  08:20:11 up 46 days, 22:43, 17 users,  load average: 5.42, 6.31, 4.92
08:24:06 reference rep 1 end:    08:24:06 up 46 days, 22:47, 17 users,  load average: 7.33, 6.26, 5.14
08:24:06 reference rep 2 start:  08:24:06 up 46 days, 22:47, 17 users,  load average: 7.33, 6.26, 5.14
08:28:01 reference rep 2 end:    08:28:01 up 46 days, 22:51, 17 users,  load average: 10.27, 8.00, 6.05
08:28:01 rust rep 2 start:  08:28:01 up 46 days, 22:51, 17 users,  load average: 10.27, 8.00, 6.05
08:31:53 rust rep 2 end:    08:31:53 up 46 days, 22:55, 17 users,  load average: 9.68, 8.43, 6.59
08:31:53 c-filc rep 2 start:  08:31:53 up 46 days, 22:55, 17 users,  load average: 9.68, 8.43, 6.59
08:35:44 c-filc rep 2 end:    08:35:44 up 46 days, 22:59, 17 users,  load average: 7.10, 7.56, 6.60
08:35:44 c rep 2 start:  08:35:44 up 46 days, 22:59, 17 users,  load average: 7.10, 7.56, 6.60
08:39:34 c rep 2 end:    08:39:34 up 46 days, 23:03, 17 users,  load average: 5.98, 6.27, 6.24
08:39:34 c rep 3 start:  08:39:34 up 46 days, 23:03, 17 users,  load average: 5.98, 6.27, 6.24
08:43:25 c rep 3 end:    08:43:25 up 46 days, 23:06, 17 users,  load average: 7.38, 6.80, 6.45
08:43:25 c-filc rep 3 start:  08:43:25 up 46 days, 23:06, 17 users,  load average: 7.38, 6.80, 6.45
08:47:15 c-filc rep 3 end:    08:47:15 up 46 days, 23:10, 17 users,  load average: 6.16, 6.10, 6.19
08:47:15 rust rep 3 start:  08:47:15 up 46 days, 23:10, 17 users,  load average: 6.16, 6.10, 6.19
08:51:07 rust rep 3 end:    08:51:07 up 46 days, 23:14, 17 users,  load average: 5.12, 5.57, 5.95
08:51:07 reference rep 3 start:  08:51:07 up 46 days, 23:14, 17 users,  load average: 5.12, 5.57, 5.95
08:55:02 reference rep 3 end:    08:55:02 up 46 days, 23:18, 17 users,  load average: 8.45, 6.56, 6.18
