08:55:10 c rep 1 start:  08:55:10 up 46 days, 23:18, 17 users,  load average: 8.82, 6.67, 6.22
08:59:00 c rep 1 end:    08:59:00 up 46 days, 23:22, 17 users,  load average: 6.15, 6.20, 6.11
08:59:00 c-filc rep 1 start:  08:59:00 up 46 days, 23:22, 17 users,  load average: 6.15, 6.20, 6.11
09:02:51 c-filc rep 1 end:    09:02:51 up 46 days, 23:26, 17 users,  load average: 6.63, 6.34, 6.17
09:02:51 rust rep 1 start:  09:02:51 up 46 days, 23:26, 17 users,  load average: 6.63, 6.34, 6.17
09:06:42 rust rep 1 end:    09:06:42 up 46 days, 23:30, 17 users,  load average: 5.92, 5.66, 5.87
09:06:42 reference rep 1 start:  09:06:42 up 46 days, 23:30, 17 users,  load average: 5.92, 5.66, 5.87
09:10:38 reference rep 1 end:    09:10:38 up 46 days, 23:34, 17 users,  load average: 9.33, 6.78, 6.19
09:10:38 reference rep 2 start:  09:10:38 up 46 days, 23:34, 17 users,  load average: 9.33, 6.78, 6.19
09:14:32 reference rep 2 end:    09:14:32 up 46 days, 23:38, 17 users,  load average: 6.34, 6.38, 6.15
09:14:32 rust rep 2 start:  09:14:32 up 46 days, 23:38, 17 users,  load average: 6.34, 6.38, 6.15
09:18:24 rust rep 2 end:    09:18:24 up 46 days, 23:41, 17 users,  load average: 6.57, 6.09, 6.05
09:18:24 c-filc rep 2 start:  09:18:24 up 46 days, 23:41, 17 users,  load average: 6.57, 6.09, 6.05
09:22:15 c-filc rep 2 end:    09:22:15 up 46 days, 23:45, 17 users,  load average: 6.35, 6.08, 6.02
09:22:15 c rep 2 start:  09:22:15 up 46 days, 23:45, 17 users,  load average: 6.35, 6.08, 6.02
09:26:05 c rep 2 end:    09:26:05 up 46 days, 23:49, 17 users,  load average: 5.80, 5.85, 5.93
09:26:05 c rep 3 start:  09:26:05 up 46 days, 23:49, 17 users,  load average: 5.80, 5.85, 5.93
09:29:55 c rep 3 end:    09:29:55 up 46 days, 23:53, 17 users,  load average: 6.11, 5.94, 5.94
09:29:55 c-filc rep 3 start:  09:29:55 up 46 days, 23:53, 17 users,  load average: 6.11, 5.94, 5.94
09:33:46 c-filc rep 3 end:    09:33:46 up 46 days, 23:57, 17 users,  load average: 6.65, 6.10, 5.98
09:33:46 rust rep 3 start:  09:33:46 up 46 days, 23:57, 17 users,  load average: 6.65, 6.10, 5.98
09:37:37 rust rep 3 end:    09:37:37 up 47 days, 1 min, 17 users,  load average: 5.66, 5.58, 5.75
09:37:37 reference rep 3 start:  09:37:37 up 47 days, 1 min, 17 users,  load average: 5.66, 5.58, 5.75
09:41:32 reference rep 3 end:    09:41:32 up 47 days, 5 min, 17 users,  load average: 6.78, 5.59, 5.66
