+ CC=/home/msaraiva/.local/fil-c/0.685/filc-0.685-linux-x86_64/build/bin/clang
+ /home/msaraiva/dev/mark/Proj/Misc/once-campfire-c/vendor/src/libxcrypt/configure --disable-shared --enable-static --disable-werror --prefix=/home/msaraiva/dev/mark/Proj/Misc/once-campfire-c/vendor/build/libxcrypt-filc/prefix
checking for a BSD-compatible install... /usr/bin/install -c
checking whether sleep supports fractional seconds... yes
checking filesystem timestamp resolution... 0.01
checking whether build environment is sane... yes
checking for a race-free mkdir -p... /usr/bin/mkdir -p
checking for gawk... gawk
checking whether make sets $(MAKE)... yes
checking whether make supports nested variables... yes
checking xargs -n works... yes
checking for pkg-config... /usr/bin/pkg-config
checking pkg-config is at least version 0.27... yes
checking build system type... x86_64-pc-linux-musl
checking host system type... x86_64-pc-linux-musl
checking for gcc... /home/msaraiva/.local/fil-c/0.685/filc-0.685-linux-x86_64/build/bin/clang
checking whether the C compiler works... yes
checking for C compiler default output file name... a.out
checking for suffix of executables... 
checking whether we are cross compiling... no
checking for suffix of object files... o
checking whether the compiler supports GNU C... yes
checking whether /home/msaraiva/.local/fil-c/0.685/filc-0.685-linux-x86_64/build/bin/clang accepts -g... yes
checking for /home/msaraiva/.local/fil-c/0.685/filc-0.685-linux-x86_64/build/bin/clang option to enable C23 features... unsupported
checking for /home/msaraiva/.local/fil-c/0.685/filc-0.685-linux-x86_64/build/bin/clang option to enable C11 features... none needed
checking whether /home/msaraiva/.local/fil-c/0.685/filc-0.685-linux-x86_64/build/bin/clang understands -c and -o together... yes
checking whether make supports the include directive... yes (GNU style)
checking dependency style of /home/msaraiva/.local/fil-c/0.685/filc-0.685-linux-x86_64/build/bin/clang... gcc3
checking how to run the C preprocessor... /home/msaraiva/.local/fil-c/0.685/filc-0.685-linux-x86_64/build/bin/clang -E
checking whether make sets $(MAKE)... (cached) yes
checking whether ln -s works... yes
checking for perl... /usr/bin/perl
checking whether /usr/bin/perl is version 5.14.0 or later... yes
checking for gpg2... /usr/bin/gpg2
checking for sha256sum... /usr/bin/sha256sum
checking for stdio.h... yes
checking for stdlib.h... yes
checking for string.h... yes
checking for inttypes.h... yes
checking for stdint.h... yes
checking for strings.h... yes
checking for sys/stat.h... yes
checking for sys/types.h... yes
checking for unistd.h... yes
checking for wchar.h... yes
checking for minix/config.h... no
checking for fcntl.h... yes
checking for stdbool.h... yes
checking for ucontext.h... yes
checking for sys/cdefs.h... no
checking for sys/random.h... yes
checking for sys/syscall.h... yes
checking for valgrind/valgrind.h... no
checking for endian.h... yes
checking for sys/endian.h... no
checking for sys/param.h... yes
checking whether it is safe to define __EXTENSIONS__... yes
checking whether _XOPEN_SOURCE should be defined... no
checking for /home/msaraiva/.local/fil-c/0.685/filc-0.685-linux-x86_64/build/bin/clang option to support large files... none needed
checking whether C compiler accepts -Werror=unknown-warning-option... yes
checking whether C compiler accepts -Wall... yes
checking whether C compiler accepts -Wextra... yes
checking whether C compiler accepts -Walloc-zero... no
checking whether C compiler accepts -Walloca... yes
checking whether C compiler accepts -Wbad-function-cast... yes
checking whether C compiler accepts -Wcast-align... yes
checking whether C compiler accepts -Wcast-qual... yes
checking whether C compiler accepts -Wconversion... yes
checking whether C compiler accepts -Wformat=2... yes
checking whether C compiler accepts -Wformat-overflow=2... no
checking whether C compiler accepts -Wformat-signedness... yes
checking whether C compiler accepts -Wformat-truncation=1... no
checking whether C compiler accepts -Wlogical-op... no
checking whether C compiler accepts -Wmissing-declarations... yes
checking whether C compiler accepts -Wmissing-prototypes... yes
checking whether C compiler accepts -Wnested-externs... yes
checking whether C compiler accepts -Wnull-dereference... yes
checking whether C compiler accepts -Wold-style-definition... yes
checking whether C compiler accepts -Wpointer-arith... yes
checking whether C compiler accepts -Wrestrict... no
checking whether C compiler accepts -Wshadow... yes
checking whether C compiler accepts -Wstrict-overflow=2... yes
checking whether C compiler accepts -Wstrict-prototypes... yes
checking whether C compiler accepts -Wundef... yes
checking whether C compiler accepts -Wvla... yes
checking whether C compiler accepts -Wwrite-strings... yes
checking whether C compiler accepts -Wpedantic... yes
checking how to print strings... printf
checking for a sed that does not truncate output... /usr/bin/sed
checking for grep that handles long lines and -e... /usr/bin/grep
checking for egrep... /usr/bin/grep -E
checking for fgrep... /usr/bin/grep -F
checking for ld used by /home/msaraiva/.local/fil-c/0.685/filc-0.685-linux-x86_64/build/bin/clang... /usr/bin/ld
checking if the linker (/usr/bin/ld) is GNU ld... yes
checking for BSD- or MS-compatible name lister (nm)... /usr/bin/nm -B
checking the name lister (/usr/bin/nm -B) interface... BSD nm
checking the maximum length of command line arguments... 1572864
checking how to convert x86_64-pc-linux-musl file names to x86_64-pc-linux-musl format... func_convert_file_noop
checking how to convert x86_64-pc-linux-musl file names to toolchain format... func_convert_file_noop
checking for /usr/bin/ld option to reload object files... -r
checking for file... file
checking for objdump... objdump
checking how to recognize dependent libraries... pass_all
checking for dlltool... no
checking how to associate runtime and link libraries... printf %s\n
checking for ranlib... ranlib
checking for ar... ar
checking for archiver @FILE support... @
checking for strip... strip
checking command to parse /usr/bin/nm -B output from /home/msaraiva/.local/fil-c/0.685/filc-0.685-linux-x86_64/build/bin/clang object... failed
checking for sysroot... no
checking for a working dd... /usr/bin/dd
checking how to truncate binary pipes... /usr/bin/dd bs=4096 count=1
checking for mt... no
checking if : is a manifest tool... no
checking for dlfcn.h... yes
checking which variant of shared library versioning to provide... (default) aix
checking for objdir... .libs
checking if /home/msaraiva/.local/fil-c/0.685/filc-0.685-linux-x86_64/build/bin/clang supports -fno-rtti -fno-exceptions... yes
checking for /home/msaraiva/.local/fil-c/0.685/filc-0.685-linux-x86_64/build/bin/clang option to produce PIC... -fPIC -DPIC
checking if /home/msaraiva/.local/fil-c/0.685/filc-0.685-linux-x86_64/build/bin/clang PIC flag -fPIC -DPIC works... yes
checking if /home/msaraiva/.local/fil-c/0.685/filc-0.685-linux-x86_64/build/bin/clang static flag -static works... yes
checking if /home/msaraiva/.local/fil-c/0.685/filc-0.685-linux-x86_64/build/bin/clang supports -c -o file.o... yes
checking if /home/msaraiva/.local/fil-c/0.685/filc-0.685-linux-x86_64/build/bin/clang supports -c -o file.o... (cached) yes
checking whether the /home/msaraiva/.local/fil-c/0.685/filc-0.685-linux-x86_64/build/bin/clang linker (/usr/bin/ld -m elf_x86_64) supports shared libraries... yes
checking dynamic linker characteristics... GNU/Linux ld.so
checking how to hardcode library paths into programs... immediate
checking whether stripping libraries is possible... yes
checking if libtool supports shared libraries... yes
checking whether to build shared libraries... no
checking whether to build static libraries... yes
checking for _ prefix in compiled symbols... no
checking whether the preprocessor (/home/msaraiva/.local/fil-c/0.685/filc-0.685-linux-x86_64/build/bin/clang -E) supports -dD... yes
checking whether we are compiling with ASan... no
checking how to control data alignment... _Alignas
checking how to query data alignment... _Alignof
checking for max_align_t in stddef.h... yes
checking for byte order macros... BYTE_ORDER and xxx_ENDIAN
checking for static_assert in assert.h... yes
checking for ld --wrap... no
checking linker version script flag... --version-script
checking if version scripts can use complex wildcards... yes
checking for __attribute__((symver))... no
checking how to make linking fail when undefined symbols remain... -Wl,-z,defs
checking how to make linking fail when there are text relocations... -Wl,-z,text
checking how to link with read-only relocations... -Wl,-z,relro
checking how to link with immediate binding... -Wl,-z,now
checking whether C compiler accepts -fno-plt... yes
checking for arc4random_buf... no
checking for explicit_bzero... yes
checking for explicit_memset... no
checking for getentropy... yes
checking for getrandom... yes
checking for memset_explicit... no
checking for memset_s... no
checking for open64... no
checking for syscall... yes
checking for valgrind... /usr/bin/valgrind
checking for Valgrind tool memcheck... yes
checking for Python 3.>=6 with Passlib... not found
configure: Disabling the "regen-ka-table" target, missing Python requirements.
checking whether all ucontext.h functions are available... no
checking that generated files are newer than configure... done
configure: creating ./config.status
config.status: creating Makefile
config.status: creating libxcrypt.pc
config.status: creating config.h
config.status: executing depfiles commands
config.status: executing libtool commands
++ nproc
+ make -j24
make  all-am
make[1]: Entering directory '/home/msaraiva/dev/mark/Proj/Misc/once-campfire-c/vendor/build/libxcrypt-filc'
LC_ALL=C /usr/bin/perl /home/msaraiva/dev/mark/Proj/Misc/once-campfire-c/vendor/src/libxcrypt/build-aux/scripts/gen-libcrypt-map \
  SYMVER_MIN=XCRYPT_2.0 \
  SYMVER_FLOOR=XCRYPT_2.0 \
  COMPAT_ABI=yes \
  /home/msaraiva/dev/mark/Proj/Misc/once-campfire-c/vendor/src/libxcrypt/lib/libcrypt.map.in > libcrypt.map.T
depbase=`echo lib/gen-des-tables.o | sed 's|[^/]*$|.deps/&|;s|\.o$||'`;\
/home/msaraiva/.local/fil-c/0.685/filc-0.685-linux-x86_64/build/bin/clang -DHAVE_CONFIG_H -I. -I/home/msaraiva/dev/mark/Proj/Misc/once-campfire-c/vendor/src/libxcrypt  -I/home/msaraiva/dev/mark/Proj/Misc/once-campfire-c/vendor/src/libxcrypt/lib  -Wall -Wextra -Walloca -Wbad-function-cast -Wcast-align -Wcast-qual -Wconversion -Wformat=2 -Wformat-signedness -Wmissing-declarations -Wmissing-prototypes -Wnested-externs -Wnull-dereference -Wold-style-definition -Wpointer-arith -Wshadow -Wstrict-overflow=2 -Wstrict-prototypes -Wundef -Wvla -Wwrite-strings -Wpedantic -fno-plt -g -O2 -MT lib/gen-des-tables.o -MD -MP -MF $depbase.Tpo -c -o lib/gen-des-tables.o /home/msaraiva/dev/mark/Proj/Misc/once-campfire-c/vendor/src/libxcrypt/lib/gen-des-tables.c &&\
mv -f $depbase.Tpo $depbase.Po
/bin/sh ./libtool  --tag=CC   --mode=compile /home/msaraiva/.local/fil-c/0.685/filc-0.685-linux-x86_64/build/bin/clang -DHAVE_CONFIG_H -I. -I/home/msaraiva/dev/mark/Proj/Misc/once-campfire-c/vendor/src/libxcrypt  -I/home/msaraiva/dev/mark/Proj/Misc/once-campfire-c/vendor/src/libxcrypt/lib -DIN_LIBCRYPT  -Wall -Wextra -Walloca -Wbad-function-cast -Wcast-align -Wcast-qual -Wconversion -Wformat=2 -Wformat-signedness -Wmissing-declarations -Wmissing-prototypes -Wnested-externs -Wnull-dereference -Wold-style-definition -Wpointer-arith -Wshadow -Wstrict-overflow=2 -Wstrict-prototypes -Wundef -Wvla -Wwrite-strings -Wpedantic -fno-plt -g -O2 -MT lib/libcrypt_la-alg-des-tables.lo -MD -MP -MF lib/.deps/libcrypt_la-alg-des-tables.Tpo -c -o lib/libcrypt_la-alg-des-tables.lo `test -f 'lib/alg-des-tables.c' || echo '/home/msaraiva/dev/mark/Proj/Misc/once-campfire-c/vendor/src/libxcrypt/'`lib/alg-des-tables.c
/bin/sh ./libtool  --tag=CC   --mode=compile /home/msaraiva/.local/fil-c/0.685/filc-0.685-linux-x86_64/build/bin/clang -DHAVE_CONFIG_H -I. -I/home/msaraiva/dev/mark/Proj/Misc/once-campfire-c/vendor/src/libxcrypt  -I/home/msaraiva/dev/mark/Proj/Misc/once-campfire-c/vendor/src/libxcrypt/lib -DIN_LIBCRYPT  -Wall -Wextra -Walloca -Wbad-function-cast -Wcast-align -Wcast-qual -Wconversion -Wformat=2 -Wformat-signedness -Wmissing-declarations -Wmissing-prototypes -Wnested-externs -Wnull-dereference -Wold-style-definition -Wpointer-arith -Wshadow -Wstrict-overflow=2 -Wstrict-prototypes -Wundef -Wvla -Wwrite-strings -Wpedantic -fno-plt -g -O2 -MT lib/libcrypt_la-alg-des.lo -MD -MP -MF lib/.deps/libcrypt_la-alg-des.Tpo -c -o lib/libcrypt_la-alg-des.lo `test -f 'lib/alg-des.c' || echo '/home/msaraiva/dev/mark/Proj/Misc/once-campfire-c/vendor/src/libxcrypt/'`lib/alg-des.c
/bin/sh ./libtool  --tag=CC   --mode=compile /home/msaraiva/.local/fil-c/0.685/filc-0.685-linux-x86_64/build/bin/clang -DHAVE_CONFIG_H -I. -I/home/msaraiva/dev/mark/Proj/Misc/once-campfire-c/vendor/src/libxcrypt  -I/home/msaraiva/dev/mark/Proj/Misc/once-campfire-c/vendor/src/libxcrypt/lib -DIN_LIBCRYPT  -Wall -Wextra -Walloca -Wbad-function-cast -Wcast-align -Wcast-qual -Wconversion -Wformat=2 -Wformat-signedness -Wmissing-declarations -Wmissing-prototypes -Wnested-externs -Wnull-dereference -Wold-style-definition -Wpointer-arith -Wshadow -Wstrict-overflow=2 -Wstrict-prototypes -Wundef -Wvla -Wwrite-strings -Wpedantic -fno-plt -g -O2 -MT lib/libcrypt_la-alg-gost3411-2012-core.lo -MD -MP -MF lib/.deps/libcrypt_la-alg-gost3411-2012-core.Tpo -c -o lib/libcrypt_la-alg-gost3411-2012-core.lo `test -f 'lib/alg-gost3411-2012-core.c' || echo '/home/msaraiva/dev/mark/Proj/Misc/once-campfire-c/vendor/src/libxcrypt/'`lib/alg-gost3411-2012-core.c
/bin/sh ./libtool  --tag=CC   --mode=compile /home/msaraiva/.local/fil-c/0.685/filc-0.685-linux-x86_64/build/bin/clang -DHAVE_CONFIG_H -I. -I/home/msaraiva/dev/mark/Proj/Misc/once-campfire-c/vendor/src/libxcrypt  -I/home/msaraiva/dev/mark/Proj/Misc/once-campfire-c/vendor/src/libxcrypt/lib -DIN_LIBCRYPT  -Wall -Wextra -Walloca -Wbad-function-cast -Wcast-align -Wcast-qual -Wconversion -Wformat=2 -Wformat-signedness -Wmissing-declarations -Wmissing-prototypes -Wnested-externs -Wnull-dereference -Wold-style-definition -Wpointer-arith -Wshadow -Wstrict-overflow=2 -Wstrict-prototypes -Wundef -Wvla -Wwrite-strings -Wpedantic -fno-plt -g -O2 -MT lib/libcrypt_la-alg-gost3411-2012-hmac.lo -MD -MP -MF lib/.deps/libcrypt_la-alg-gost3411-2012-hmac.Tpo -c -o lib/libcrypt_la-alg-gost3411-2012-hmac.lo `test -f 'lib/alg-gost3411-2012-hmac.c' || echo '/home/msaraiva/dev/mark/Proj/Misc/once-campfire-c/vendor/src/libxcrypt/'`lib/alg-gost3411-2012-hmac.c
/bin/sh ./libtool  --tag=CC   --mode=compile /home/msaraiva/.local/fil-c/0.685/filc-0.685-linux-x86_64/build/bin/clang -DHAVE_CONFIG_H -I. -I/home/msaraiva/dev/mark/Proj/Misc/once-campfire-c/vendor/src/libxcrypt  -I/home/msaraiva/dev/mark/Proj/Misc/once-campfire-c/vendor/src/libxcrypt/lib -DIN_LIBCRYPT  -Wall -Wextra -Walloca -Wbad-function-cast -Wcast-align -Wcast-qual -Wconversion -Wformat=2 -Wformat-signedness -Wmissing-declarations -Wmissing-prototypes -Wnested-externs -Wnull-dereference -Wold-style-definition -Wpointer-arith -Wshadow -Wstrict-overflow=2 -Wstrict-prototypes -Wundef -Wvla -Wwrite-strings -Wpedantic -fno-plt -g -O2 -MT lib/libcrypt_la-alg-hmac-sha1.lo -MD -MP -MF lib/.deps/libcrypt_la-alg-hmac-sha1.Tpo -c -o lib/libcrypt_la-alg-hmac-sha1.lo `test -f 'lib/alg-hmac-sha1.c' || echo '/home/msaraiva/dev/mark/Proj/Misc/once-campfire-c/vendor/src/libxcrypt/'`lib/alg-hmac-sha1.c
/bin/sh ./libtool  --tag=CC   --mode=compile /home/msaraiva/.local/fil-c/0.685/filc-0.685-linux-x86_64/build/bin/clang -DHAVE_CONFIG_H -I. -I/home/msaraiva/dev/mark/Proj/Misc/once-campfire-c/vendor/src/libxcrypt  -I/home/msaraiva/dev/mark/Proj/Misc/once-campfire-c/vendor/src/libxcrypt/lib -DIN_LIBCRYPT  -Wall -Wextra -Walloca -Wbad-function-cast -Wcast-align -Wcast-qual -Wconversion -Wformat=2 -Wformat-signedness -Wmissing-declarations -Wmissing-prototypes -Wnested-externs -Wnull-dereference -Wold-style-definition -Wpointer-arith -Wshadow -Wstrict-overflow=2 -Wstrict-prototypes -Wundef -Wvla -Wwrite-strings -Wpedantic -fno-plt -g -O2 -MT lib/libcrypt_la-alg-md4.lo -MD -MP -MF lib/.deps/libcrypt_la-alg-md4.Tpo -c -o lib/libcrypt_la-alg-md4.lo `test -f 'lib/alg-md4.c' || echo '/home/msaraiva/dev/mark/Proj/Misc/once-campfire-c/vendor/src/libxcrypt/'`lib/alg-md4.c
/bin/sh ./libtool  --tag=CC   --mode=compile /home/msaraiva/.local/fil-c/0.685/filc-0.685-linux-x86_64/build/bin/clang -DHAVE_CONFIG_H -I. -I/home/msaraiva/dev/mark/Proj/Misc/once-campfire-c/vendor/src/libxcrypt  -I/home/msaraiva/dev/mark/Proj/Misc/once-campfire-c/vendor/src/libxcrypt/lib -DIN_LIBCRYPT  -Wall -Wextra -Walloca -Wbad-function-cast -Wcast-align -Wcast-qual -Wconversion -Wformat=2 -Wformat-signedness -Wmissing-declarations -Wmissing-prototypes -Wnested-externs -Wnull-dereference -Wold-style-definition -Wpointer-arith -Wshadow -Wstrict-overflow=2 -Wstrict-prototypes -Wundef -Wvla -Wwrite-strings -Wpedantic -fno-plt -g -O2 -MT lib/libcrypt_la-alg-md5.lo -MD -MP -MF lib/.deps/libcrypt_la-alg-md5.Tpo -c -o lib/libcrypt_la-alg-md5.lo `test -f 'lib/alg-md5.c' || echo '/home/msaraiva/dev/mark/Proj/Misc/once-campfire-c/vendor/src/libxcrypt/'`lib/alg-md5.c
/bin/sh ./libtool  --tag=CC   --mode=compile /home/msaraiva/.local/fil-c/0.685/filc-0.685-linux-x86_64/build/bin/clang -DHAVE_CONFIG_H -I. -I/home/msaraiva/dev/mark/Proj/Misc/once-campfire-c/vendor/src/libxcrypt  -I/home/msaraiva/dev/mark/Proj/Misc/once-campfire-c/vendor/src/libxcrypt/lib -DIN_LIBCRYPT  -Wall -Wextra -Walloca -Wbad-function-cast -Wcast-align -Wcast-qual -Wconversion -Wformat=2 -Wformat-signedness -Wmissing-declarations -Wmissing-prototypes -Wnested-externs -Wnull-dereference -Wold-style-definition -Wpointer-arith -Wshadow -Wstrict-overflow=2 -Wstrict-prototypes -Wundef -Wvla -Wwrite-strings -Wpedantic -fno-plt -g -O2 -MT lib/libcrypt_la-alg-sha1.lo -MD -MP -MF lib/.deps/libcrypt_la-alg-sha1.Tpo -c -o lib/libcrypt_la-alg-sha1.lo `test -f 'lib/alg-sha1.c' || echo '/home/msaraiva/dev/mark/Proj/Misc/once-campfire-c/vendor/src/libxcrypt/'`lib/alg-sha1.c
/bin/sh ./libtool  --tag=CC   --mode=compile /home/msaraiva/.local/fil-c/0.685/filc-0.685-linux-x86_64/build/bin/clang -DHAVE_CONFIG_H -I. -I/home/msaraiva/dev/mark/Proj/Misc/once-campfire-c/vendor/src/libxcrypt  -I/home/msaraiva/dev/mark/Proj/Misc/once-campfire-c/vendor/src/libxcrypt/lib -DIN_LIBCRYPT  -Wall -Wextra -Walloca -Wbad-function-cast -Wcast-align -Wcast-qual -Wconversion -Wformat=2 -Wformat-signedness -Wmissing-declarations -Wmissing-prototypes -Wnested-externs -Wnull-dereference -Wold-style-definition -Wpointer-arith -Wshadow -Wstrict-overflow=2 -Wstrict-prototypes -Wundef -Wvla -Wwrite-strings -Wpedantic -fno-plt -g -O2 -MT lib/libcrypt_la-alg-sha256.lo -MD -MP -MF lib/.deps/libcrypt_la-alg-sha256.Tpo -c -o lib/libcrypt_la-alg-sha256.lo `test -f 'lib/alg-sha256.c' || echo '/home/msaraiva/dev/mark/Proj/Misc/once-campfire-c/vendor/src/libxcrypt/'`lib/alg-sha256.c
/bin/sh ./libtool  --tag=CC   --mode=compile /home/msaraiva/.local/fil-c/0.685/filc-0.685-linux-x86_64/build/bin/clang -DHAVE_CONFIG_H -I. -I/home/msaraiva/dev/mark/Proj/Misc/once-campfire-c/vendor/src/libxcrypt  -I/home/msaraiva/dev/mark/Proj/Misc/once-campfire-c/vendor/src/libxcrypt/lib -DIN_LIBCRYPT  -Wall -Wextra -Walloca -Wbad-function-cast -Wcast-align -Wcast-qual -Wconversion -Wformat=2 -Wformat-signedness -Wmissing-declarations -Wmissing-prototypes -Wnested-externs -Wnull-dereference -Wold-style-definition -Wpointer-arith -Wshadow -Wstrict-overflow=2 -Wstrict-prototypes -Wundef -Wvla -Wwrite-strings -Wpedantic -fno-plt -g -O2 -MT lib/libcrypt_la-alg-sha512.lo -MD -MP -MF lib/.deps/libcrypt_la-alg-sha512.Tpo -c -o lib/libcrypt_la-alg-sha512.lo `test -f 'lib/alg-sha512.c' || echo '/home/msaraiva/dev/mark/Proj/Misc/once-campfire-c/vendor/src/libxcrypt/'`lib/alg-sha512.c
/bin/sh ./libtool  --tag=CC   --mode=compile /home/msaraiva/.local/fil-c/0.685/filc-0.685-linux-x86_64/build/bin/clang -DHAVE_CONFIG_H -I. -I/home/msaraiva/dev/mark/Proj/Misc/once-campfire-c/vendor/src/libxcrypt  -I/home/msaraiva/dev/mark/Proj/Misc/once-campfire-c/vendor/src/libxcrypt/lib -DIN_LIBCRYPT  -Wall -Wextra -Walloca -Wbad-function-cast -Wcast-align -Wcast-qual -Wconversion -Wformat=2 -Wformat-signedness -Wmissing-declarations -Wmissing-prototypes -Wnested-externs -Wnull-dereference -Wold-style-definition -Wpointer-arith -Wshadow -Wstrict-overflow=2 -Wstrict-prototypes -Wundef -Wvla -Wwrite-strings -Wpedantic -fno-plt -g -O2 -MT lib/libcrypt_la-alg-sm3.lo -MD -MP -MF lib/.deps/libcrypt_la-alg-sm3.Tpo -c -o lib/libcrypt_la-alg-sm3.lo `test -f 'lib/alg-sm3.c' || echo '/home/msaraiva/dev/mark/Proj/Misc/once-campfire-c/vendor/src/libxcrypt/'`lib/alg-sm3.c
/bin/sh ./libtool  --tag=CC   --mode=compile /home/msaraiva/.local/fil-c/0.685/filc-0.685-linux-x86_64/build/bin/clang -DHAVE_CONFIG_H -I. -I/home/msaraiva/dev/mark/Proj/Misc/once-campfire-c/vendor/src/libxcrypt  -I/home/msaraiva/dev/mark/Proj/Misc/once-campfire-c/vendor/src/libxcrypt/lib -DIN_LIBCRYPT  -Wall -Wextra -Walloca -Wbad-function-cast -Wcast-align -Wcast-qual -Wconversion -Wformat=2 -Wformat-signedness -Wmissing-declarations -Wmissing-prototypes -Wnested-externs -Wnull-dereference -Wold-style-definition -Wpointer-arith -Wshadow -Wstrict-overflow=2 -Wstrict-prototypes -Wundef -Wvla -Wwrite-strings -Wpedantic -fno-plt -g -O2 -MT lib/libcrypt_la-alg-sm3-hmac.lo -MD -MP -MF lib/.deps/libcrypt_la-alg-sm3-hmac.Tpo -c -o lib/libcrypt_la-alg-sm3-hmac.lo `test -f 'lib/alg-sm3-hmac.c' || echo '/home/msaraiva/dev/mark/Proj/Misc/once-campfire-c/vendor/src/libxcrypt/'`lib/alg-sm3-hmac.c
/bin/sh ./libtool  --tag=CC   --mode=compile /home/msaraiva/.local/fil-c/0.685/filc-0.685-linux-x86_64/build/bin/clang -DHAVE_CONFIG_H -I. -I/home/msaraiva/dev/mark/Proj/Misc/once-campfire-c/vendor/src/libxcrypt  -I/home/msaraiva/dev/mark/Proj/Misc/once-campfire-c/vendor/src/libxcrypt/lib -DIN_LIBCRYPT  -Wall -Wextra -Walloca -Wbad-function-cast -Wcast-align -Wcast-qual -Wconversion -Wformat=2 -Wformat-signedness -Wmissing-declarations -Wmissing-prototypes -Wnested-externs -Wnull-dereference -Wold-style-definition -Wpointer-arith -Wshadow -Wstrict-overflow=2 -Wstrict-prototypes -Wundef -Wvla -Wwrite-strings -Wpedantic -fno-plt -g -O2 -MT lib/libcrypt_la-alg-yescrypt-common.lo -MD -MP -MF lib/.deps/libcrypt_la-alg-yescrypt-common.Tpo -c -o lib/libcrypt_la-alg-yescrypt-common.lo `test -f 'lib/alg-yescrypt-common.c' || echo '/home/msaraiva/dev/mark/Proj/Misc/once-campfire-c/vendor/src/libxcrypt/'`lib/alg-yescrypt-common.c
/bin/sh ./libtool  --tag=CC   --mode=compile /home/msaraiva/.local/fil-c/0.685/filc-0.685-linux-x86_64/build/bin/clang -DHAVE_CONFIG_H -I. -I/home/msaraiva/dev/mark/Proj/Misc/once-campfire-c/vendor/src/libxcrypt  -I/home/msaraiva/dev/mark/Proj/Misc/once-campfire-c/vendor/src/libxcrypt/lib -DIN_LIBCRYPT  -Wall -Wextra -Walloca -Wbad-function-cast -Wcast-align -Wcast-qual -Wconversion -Wformat=2 -Wformat-signedness -Wmissing-declarations -Wmissing-prototypes -Wnested-externs -Wnull-dereference -Wold-style-definition -Wpointer-arith -Wshadow -Wstrict-overflow=2 -Wstrict-prototypes -Wundef -Wvla -Wwrite-strings -Wpedantic -fno-plt -g -O2 -MT lib/libcrypt_la-alg-yescrypt-opt.lo -MD -MP -MF lib/.deps/libcrypt_la-alg-yescrypt-opt.Tpo -c -o lib/libcrypt_la-alg-yescrypt-opt.lo `test -f 'lib/alg-yescrypt-opt.c' || echo '/home/msaraiva/dev/mark/Proj/Misc/once-campfire-c/vendor/src/libxcrypt/'`lib/alg-yescrypt-opt.c
/home/msaraiva/dev/mark/Proj/Misc/once-campfire-c/vendor/src/libxcrypt/build-aux/scripts/move-if-change libcrypt.map.T libcrypt.map
/bin/sh ./libtool  --tag=CC   --mode=compile /home/msaraiva/.local/fil-c/0.685/filc-0.685-linux-x86_64/build/bin/clang -DHAVE_CONFIG_H -I. -I/home/msaraiva/dev/mark/Proj/Misc/once-campfire-c/vendor/src/libxcrypt  -I/home/msaraiva/dev/mark/Proj/Misc/once-campfire-c/vendor/src/libxcrypt/lib -DIN_LIBCRYPT  -Wall -Wextra -Walloca -Wbad-function-cast -Wcast-align -Wcast-qual -Wconversion -Wformat=2 -Wformat-signedness -Wmissing-declarations -Wmissing-prototypes -Wnested-externs -Wnull-dereference -Wold-style-definition -Wpointer-arith -Wshadow -Wstrict-overflow=2 -Wstrict-prototypes -Wundef -Wvla -Wwrite-strings -Wpedantic -fno-plt -g -O2 -MT lib/libcrypt_la-crypt-bcrypt.lo -MD -MP -MF lib/.deps/libcrypt_la-crypt-bcrypt.Tpo -c -o lib/libcrypt_la-crypt-bcrypt.lo `test -f 'lib/crypt-bcrypt.c' || echo '/home/msaraiva/dev/mark/Proj/Misc/once-campfire-c/vendor/src/libxcrypt/'`lib/crypt-bcrypt.c
/bin/sh ./libtool  --tag=CC   --mode=compile /home/msaraiva/.local/fil-c/0.685/filc-0.685-linux-x86_64/build/bin/clang -DHAVE_CONFIG_H -I. -I/home/msaraiva/dev/mark/Proj/Misc/once-campfire-c/vendor/src/libxcrypt  -I/home/msaraiva/dev/mark/Proj/Misc/once-campfire-c/vendor/src/libxcrypt/lib -DIN_LIBCRYPT  -Wall -Wextra -Walloca -Wbad-function-cast -Wcast-align -Wcast-qual -Wconversion -Wformat=2 -Wformat-signedness -Wmissing-declarations -Wmissing-prototypes -Wnested-externs -Wnull-dereference -Wold-style-definition -Wpointer-arith -Wshadow -Wstrict-overflow=2 -Wstrict-prototypes -Wundef -Wvla -Wwrite-strings -Wpedantic -fno-plt -g -O2 -MT lib/libcrypt_la-crypt-des.lo -MD -MP -MF lib/.deps/libcrypt_la-crypt-des.Tpo -c -o lib/libcrypt_la-crypt-des.lo `test -f 'lib/crypt-des.c' || echo '/home/msaraiva/dev/mark/Proj/Misc/once-campfire-c/vendor/src/libxcrypt/'`lib/crypt-des.c
/bin/sh ./libtool  --tag=CC   --mode=compile /home/msaraiva/.local/fil-c/0.685/filc-0.685-linux-x86_64/build/bin/clang -DHAVE_CONFIG_H -I. -I/home/msaraiva/dev/mark/Proj/Misc/once-campfire-c/vendor/src/libxcrypt  -I/home/msaraiva/dev/mark/Proj/Misc/once-campfire-c/vendor/src/libxcrypt/lib -DIN_LIBCRYPT  -Wall -Wextra -Walloca -Wbad-function-cast -Wcast-align -Wcast-qual -Wconversion -Wformat=2 -Wformat-signedness -Wmissing-declarations -Wmissing-prototypes -Wnested-externs -Wnull-dereference -Wold-style-definition -Wpointer-arith -Wshadow -Wstrict-overflow=2 -Wstrict-prototypes -Wundef -Wvla -Wwrite-strings -Wpedantic -fno-plt -g -O2 -MT lib/libcrypt_la-crypt-gensalt-static.lo -MD -MP -MF lib/.deps/libcrypt_la-crypt-gensalt-static.Tpo -c -o lib/libcrypt_la-crypt-gensalt-static.lo `test -f 'lib/crypt-gensalt-static.c' || echo '/home/msaraiva/dev/mark/Proj/Misc/once-campfire-c/vendor/src/libxcrypt/'`lib/crypt-gensalt-static.c
/bin/sh ./libtool  --tag=CC   --mode=compile /home/msaraiva/.local/fil-c/0.685/filc-0.685-linux-x86_64/build/bin/clang -DHAVE_CONFIG_H -I. -I/home/msaraiva/dev/mark/Proj/Misc/once-campfire-c/vendor/src/libxcrypt  -I/home/msaraiva/dev/mark/Proj/Misc/once-campfire-c/vendor/src/libxcrypt/lib -DIN_LIBCRYPT  -Wall -Wextra -Walloca -Wbad-function-cast -Wcast-align -Wcast-qual -Wconversion -Wformat=2 -Wformat-signedness -Wmissing-declarations -Wmissing-prototypes -Wnested-externs -Wnull-dereference -Wold-style-definition -Wpointer-arith -Wshadow -Wstrict-overflow=2 -Wstrict-prototypes -Wundef -Wvla -Wwrite-strings -Wpedantic -fno-plt -g -O2 -MT lib/libcrypt_la-crypt-gost-yescrypt.lo -MD -MP -MF lib/.deps/libcrypt_la-crypt-gost-yescrypt.Tpo -c -o lib/libcrypt_la-crypt-gost-yescrypt.lo `test -f 'lib/crypt-gost-yescrypt.c' || echo '/home/msaraiva/dev/mark/Proj/Misc/once-campfire-c/vendor/src/libxcrypt/'`lib/crypt-gost-yescrypt.c
/bin/sh ./libtool  --tag=CC   --mode=compile /home/msaraiva/.local/fil-c/0.685/filc-0.685-linux-x86_64/build/bin/clang -DHAVE_CONFIG_H -I. -I/home/msaraiva/dev/mark/Proj/Misc/once-campfire-c/vendor/src/libxcrypt  -I/home/msaraiva/dev/mark/Proj/Misc/once-campfire-c/vendor/src/libxcrypt/lib -DIN_LIBCRYPT  -Wall -Wextra -Walloca -Wbad-function-cast -Wcast-align -Wcast-qual -Wconversion -Wformat=2 -Wformat-signedness -Wmissing-declarations -Wmissing-prototypes -Wnested-externs -Wnull-dereference -Wold-style-definition -Wpointer-arith -Wshadow -Wstrict-overflow=2 -Wstrict-prototypes -Wundef -Wvla -Wwrite-strings -Wpedantic -fno-plt -g -O2 -MT lib/libcrypt_la-crypt-sm3-yescrypt.lo -MD -MP -MF lib/.deps/libcrypt_la-crypt-sm3-yescrypt.Tpo -c -o lib/libcrypt_la-crypt-sm3-yescrypt.lo `test -f 'lib/crypt-sm3-yescrypt.c' || echo '/home/msaraiva/dev/mark/Proj/Misc/once-campfire-c/vendor/src/libxcrypt/'`lib/crypt-sm3-yescrypt.c
/bin/sh ./libtool  --tag=CC   --mode=compile /home/msaraiva/.local/fil-c/0.685/filc-0.685-linux-x86_64/build/bin/clang -DHAVE_CONFIG_H -I. -I/home/msaraiva/dev/mark/Proj/Misc/once-campfire-c/vendor/src/libxcrypt  -I/home/msaraiva/dev/mark/Proj/Misc/once-campfire-c/vendor/src/libxcrypt/lib -DIN_LIBCRYPT  -Wall -Wextra -Walloca -Wbad-function-cast -Wcast-align -Wcast-qual -Wconversion -Wformat=2 -Wformat-signedness -Wmissing-declarations -Wmissing-prototypes -Wnested-externs -Wnull-dereference -Wold-style-definition -Wpointer-arith -Wshadow -Wstrict-overflow=2 -Wstrict-prototypes -Wundef -Wvla -Wwrite-strings -Wpedantic -fno-plt -g -O2 -MT lib/libcrypt_la-crypt-md5.lo -MD -MP -MF lib/.deps/libcrypt_la-crypt-md5.Tpo -c -o lib/libcrypt_la-crypt-md5.lo `test -f 'lib/crypt-md5.c' || echo '/home/msaraiva/dev/mark/Proj/Misc/once-campfire-c/vendor/src/libxcrypt/'`lib/crypt-md5.c
/bin/sh ./libtool  --tag=CC   --mode=compile /home/msaraiva/.local/fil-c/0.685/filc-0.685-linux-x86_64/build/bin/clang -DHAVE_CONFIG_H -I. -I/home/msaraiva/dev/mark/Proj/Misc/once-campfire-c/vendor/src/libxcrypt  -I/home/msaraiva/dev/mark/Proj/Misc/once-campfire-c/vendor/src/libxcrypt/lib -DIN_LIBCRYPT  -Wall -Wextra -Walloca -Wbad-function-cast -Wcast-align -Wcast-qual -Wconversion -Wformat=2 -Wformat-signedness -Wmissing-declarations -Wmissing-prototypes -Wnested-externs -Wnull-dereference -Wold-style-definition -Wpointer-arith -Wshadow -Wstrict-overflow=2 -Wstrict-prototypes -Wundef -Wvla -Wwrite-strings -Wpedantic -fno-plt -g -O2 -MT lib/libcrypt_la-crypt-nthash.lo -MD -MP -MF lib/.deps/libcrypt_la-crypt-nthash.Tpo -c -o lib/libcrypt_la-crypt-nthash.lo `test -f 'lib/crypt-nthash.c' || echo '/home/msaraiva/dev/mark/Proj/Misc/once-campfire-c/vendor/src/libxcrypt/'`lib/crypt-nthash.c
/bin/sh ./libtool  --tag=CC   --mode=compile /home/msaraiva/.local/fil-c/0.685/filc-0.685-linux-x86_64/build/bin/clang -DHAVE_CONFIG_H -I. -I/home/msaraiva/dev/mark/Proj/Misc/once-campfire-c/vendor/src/libxcrypt  -I/home/msaraiva/dev/mark/Proj/Misc/once-campfire-c/vendor/src/libxcrypt/lib -DIN_LIBCRYPT  -Wall -Wextra -Walloca -Wbad-function-cast -Wcast-align -Wcast-qual -Wconversion -Wformat=2 -Wformat-signedness -Wmissing-declarations -Wmissing-prototypes -Wnested-externs -Wnull-dereference -Wold-style-definition -Wpointer-arith -Wshadow -Wstrict-overflow=2 -Wstrict-prototypes -Wundef -Wvla -Wwrite-strings -Wpedantic -fno-plt -g -O2 -MT lib/libcrypt_la-crypt-pbkdf1-sha1.lo -MD -MP -MF lib/.deps/libcrypt_la-crypt-pbkdf1-sha1.Tpo -c -o lib/libcrypt_la-crypt-pbkdf1-sha1.lo `test -f 'lib/crypt-pbkdf1-sha1.c' || echo '/home/msaraiva/dev/mark/Proj/Misc/once-campfire-c/vendor/src/libxcrypt/'`lib/crypt-pbkdf1-sha1.c
echo timestamp > libcrypt.map.stamp
/bin/sh ./libtool  --tag=CC   --mode=compile /home/msaraiva/.local/fil-c/0.685/filc-0.685-linux-x86_64/build/bin/clang -DHAVE_CONFIG_H -I. -I/home/msaraiva/dev/mark/Proj/Misc/once-campfire-c/vendor/src/libxcrypt  -I/home/msaraiva/dev/mark/Proj/Misc/once-campfire-c/vendor/src/libxcrypt/lib -DIN_LIBCRYPT  -Wall -Wextra -Walloca -Wbad-function-cast -Wcast-align -Wcast-qual -Wconversion -Wformat=2 -Wformat-signedness -Wmissing-declarations -Wmissing-prototypes -Wnested-externs -Wnull-dereference -Wold-style-definition -Wpointer-arith -Wshadow -Wstrict-overflow=2 -Wstrict-prototypes -Wundef -Wvla -Wwrite-strings -Wpedantic -fno-plt -g -O2 -MT lib/libcrypt_la-crypt-scrypt.lo -MD -MP -MF lib/.deps/libcrypt_la-crypt-scrypt.Tpo -c -o lib/libcrypt_la-crypt-scrypt.lo `test -f 'lib/crypt-scrypt.c' || echo '/home/msaraiva/dev/mark/Proj/Misc/once-campfire-c/vendor/src/libxcrypt/'`lib/crypt-scrypt.c
libtool: compile:  /home/msaraiva/.local/fil-c/0.685/filc-0.685-linux-x86_64/build/bin/clang -DHAVE_CONFIG_H -I. -I/home/msaraiva/dev/mark/Proj/Misc/once-campfire-c/vendor/src/libxcrypt -I/home/msaraiva/dev/mark/Proj/Misc/once-campfire-c/vendor/src/libxcrypt/lib -DIN_LIBCRYPT -Wall -Wextra -Walloca -Wbad-function-cast -Wcast-align -Wcast-qual -Wconversion -Wformat=2 -Wformat-signedness -Wmissing-declarations -Wmissing-prototypes -Wnested-externs -Wnull-dereference -Wold-style-definition -Wpointer-arith -Wshadow -Wstrict-overflow=2 -Wstrict-prototypes -Wundef -Wvla -Wwrite-strings -Wpedantic -fno-plt -g -O2 -MT lib/libcrypt_la-alg-sha1.lo -MD -MP -MF lib/.deps/libcrypt_la-alg-sha1.Tpo -c /home/msaraiva/dev/mark/Proj/Misc/once-campfire-c/vendor/src/libxcrypt/lib/alg-sha1.c -o lib/libcrypt_la-alg-sha1.o
libtool: compile:  /home/msaraiva/.local/fil-c/0.685/filc-0.685-linux-x86_64/build/bin/clang -DHAVE_CONFIG_H -I. -I/home/msaraiva/dev/mark/Proj/Misc/once-campfire-c/vendor/src/libxcrypt -I/home/msaraiva/dev/mark/Proj/Misc/once-campfire-c/vendor/src/libxcrypt/lib -DIN_LIBCRYPT -Wall -Wextra -Walloca -Wbad-function-cast -Wcast-align -Wcast-qual -Wconversion -Wformat=2 -Wformat-signedness -Wmissing-declarations -Wmissing-prototypes -Wnested-externs -Wnull-dereference -Wold-style-definition -Wpointer-arith -Wshadow -Wstrict-overflow=2 -Wstrict-prototypes -Wundef -Wvla -Wwrite-strings -Wpedantic -fno-plt -g -O2 -MT lib/libcrypt_la-alg-gost3411-2012-core.lo -MD -MP -MF lib/.deps/libcrypt_la-alg-gost3411-2012-core.Tpo -c /home/msaraiva/dev/mark/Proj/Misc/once-campfire-c/vendor/src/libxcrypt/lib/alg-gost3411-2012-core.c -o lib/libcrypt_la-alg-gost3411-2012-core.o
libtool: compile:  /home/msaraiva/.local/fil-c/0.685/filc-0.685-linux-x86_64/build/bin/clang -DHAVE_CONFIG_H -I. -I/home/msaraiva/dev/mark/Proj/Misc/once-campfire-c/vendor/src/libxcrypt -I/home/msaraiva/dev/mark/Proj/Misc/once-campfire-c/vendor/src/libxcrypt/lib -DIN_LIBCRYPT -Wall -Wextra -Walloca -Wbad-function-cast -Wcast-align -Wcast-qual -Wconversion -Wformat=2 -Wformat-signedness -Wmissing-declarations -Wmissing-prototypes -Wnested-externs -Wnull-dereference -Wold-style-definition -Wpointer-arith -Wshadow -Wstrict-overflow=2 -Wstrict-prototypes -Wundef -Wvla -Wwrite-strings -Wpedantic -fno-plt -g -O2 -MT lib/libcrypt_la-alg-des-tables.lo -MD -MP -MF lib/.deps/libcrypt_la-alg-des-tables.Tpo -c /home/msaraiva/dev/mark/Proj/Misc/once-campfire-c/vendor/src/libxcrypt/lib/alg-des-tables.c -o lib/libcrypt_la-alg-des-tables.o
libtool: compile:  /home/msaraiva/.local/fil-c/0.685/filc-0.685-linux-x86_64/build/bin/clang -DHAVE_CONFIG_H -I. -I/home/msaraiva/dev/mark/Proj/Misc/once-campfire-c/vendor/src/libxcrypt -I/home/msaraiva/dev/mark/Proj/Misc/once-campfire-c/vendor/src/libxcrypt/lib -DIN_LIBCRYPT -Wall -Wextra -Walloca -Wbad-function-cast -Wcast-align -Wcast-qual -Wconversion -Wformat=2 -Wformat-signedness -Wmissing-declarations -Wmissing-prototypes -Wnested-externs -Wnull-dereference -Wold-style-definition -Wpointer-arith -Wshadow -Wstrict-overflow=2 -Wstrict-prototypes -Wundef -Wvla -Wwrite-strings -Wpedantic -fno-plt -g -O2 -MT lib/libcrypt_la-alg-des.lo -MD -MP -MF lib/.deps/libcrypt_la-alg-des.Tpo -c /home/msaraiva/dev/mark/Proj/Misc/once-campfire-c/vendor/src/libxcrypt/lib/alg-des.c -o lib/libcrypt_la-alg-des.o
libtool: compile:  /home/msaraiva/.local/fil-c/0.685/filc-0.685-linux-x86_64/build/bin/clang -DHAVE_CONFIG_H -I. -I/home/msaraiva/dev/mark/Proj/Misc/once-campfire-c/vendor/src/libxcrypt -I/home/msaraiva/dev/mark/Proj/Misc/once-campfire-c/vendor/src/libxcrypt/lib -DIN_LIBCRYPT -Wall -Wextra -Walloca -Wbad-function-cast -Wcast-align -Wcast-qual -Wconversion -Wformat=2 -Wformat-signedness -Wmissing-declarations -Wmissing-prototypes -Wnested-externs -Wnull-dereference -Wold-style-definition -Wpointer-arith -Wshadow -Wstrict-overflow=2 -Wstrict-prototypes -Wundef -Wvla -Wwrite-strings -Wpedantic -fno-plt -g -O2 -MT lib/libcrypt_la-alg-md5.lo -MD -MP -MF lib/.deps/libcrypt_la-alg-md5.Tpo -c /home/msaraiva/dev/mark/Proj/Misc/once-campfire-c/vendor/src/libxcrypt/lib/alg-md5.c -o lib/libcrypt_la-alg-md5.o
libtool: compile:  /home/msaraiva/.local/fil-c/0.685/filc-0.685-linux-x86_64/build/bin/clang -DHAVE_CONFIG_H -I. -I/home/msaraiva/dev/mark/Proj/Misc/once-campfire-c/vendor/src/libxcrypt -I/home/msaraiva/dev/mark/Proj/Misc/once-campfire-c/vendor/src/libxcrypt/lib -DIN_LIBCRYPT -Wall -Wextra -Walloca -Wbad-function-cast -Wcast-align -Wcast-qual -Wconversion -Wformat=2 -Wformat-signedness -Wmissing-declarations -Wmissing-prototypes -Wnested-externs -Wnull-dereference -Wold-style-definition -Wpointer-arith -Wshadow -Wstrict-overflow=2 -Wstrict-prototypes -Wundef -Wvla -Wwrite-strings -Wpedantic -fno-plt -g -O2 -MT lib/libcrypt_la-crypt-md5.lo -MD -MP -MF lib/.deps/libcrypt_la-crypt-md5.Tpo -c /home/msaraiva/dev/mark/Proj/Misc/once-campfire-c/vendor/src/libxcrypt/lib/crypt-md5.c -o lib/libcrypt_la-crypt-md5.o
libtool: compile:  /home/msaraiva/.local/fil-c/0.685/filc-0.685-linux-x86_64/build/bin/clang -DHAVE_CONFIG_H -I. -I/home/msaraiva/dev/mark/Proj/Misc/once-campfire-c/vendor/src/libxcrypt -I/home/msaraiva/dev/mark/Proj/Misc/once-campfire-c/vendor/src/libxcrypt/lib -DIN_LIBCRYPT -Wall -Wextra -Walloca -Wbad-function-cast -Wcast-align -Wcast-qual -Wconversion -Wformat=2 -Wformat-signedness -Wmissing-declarations -Wmissing-prototypes -Wnested-externs -Wnull-dereference -Wold-style-definition -Wpointer-arith -Wshadow -Wstrict-overflow=2 -Wstrict-prototypes -Wundef -Wvla -Wwrite-strings -Wpedantic -fno-plt -g -O2 -MT lib/libcrypt_la-alg-gost3411-2012-hmac.lo -MD -MP -MF lib/.deps/libcrypt_la-alg-gost3411-2012-hmac.Tpo -c /home/msaraiva/dev/mark/Proj/Misc/once-campfire-c/vendor/src/libxcrypt/lib/alg-gost3411-2012-hmac.c -o lib/libcrypt_la-alg-gost3411-2012-hmac.o
libtool: compile:  /home/msaraiva/.local/fil-c/0.685/filc-0.685-linux-x86_64/build/bin/clang -DHAVE_CONFIG_H -I. -I/home/msaraiva/dev/mark/Proj/Misc/once-campfire-c/vendor/src/libxcrypt -I/home/msaraiva/dev/mark/Proj/Misc/once-campfire-c/vendor/src/libxcrypt/lib -DIN_LIBCRYPT -Wall -Wextra -Walloca -Wbad-function-cast -Wcast-align -Wcast-qual -Wconversion -Wformat=2 -Wformat-signedness -Wmissing-declarations -Wmissing-prototypes -Wnested-externs -Wnull-dereference -Wold-style-definition -Wpointer-arith -Wshadow -Wstrict-overflow=2 -Wstrict-prototypes -Wundef -Wvla -Wwrite-strings -Wpedantic -fno-plt -g -O2 -MT lib/libcrypt_la-alg-sm3-hmac.lo -MD -MP -MF lib/.deps/libcrypt_la-alg-sm3-hmac.Tpo -c /home/msaraiva/dev/mark/Proj/Misc/once-campfire-c/vendor/src/libxcrypt/lib/alg-sm3-hmac.c -o lib/libcrypt_la-alg-sm3-hmac.o
libtool: compile:  /home/msaraiva/.local/fil-c/0.685/filc-0.685-linux-x86_64/build/bin/clang -DHAVE_CONFIG_H -I. -I/home/msaraiva/dev/mark/Proj/Misc/once-campfire-c/vendor/src/libxcrypt -I/home/msaraiva/dev/mark/Proj/Misc/once-campfire-c/vendor/src/libxcrypt/lib -DIN_LIBCRYPT -Wall -Wextra -Walloca -Wbad-function-cast -Wcast-align -Wcast-qual -Wconversion -Wformat=2 -Wformat-signedness -Wmissing-declarations -Wmissing-prototypes -Wnested-externs -Wnull-dereference -Wold-style-definition -Wpointer-arith -Wshadow -Wstrict-overflow=2 -Wstrict-prototypes -Wundef -Wvla -Wwrite-strings -Wpedantic -fno-plt -g -O2 -MT lib/libcrypt_la-alg-sha256.lo -MD -MP -MF lib/.deps/libcrypt_la-alg-sha256.Tpo -c /home/msaraiva/dev/mark/Proj/Misc/once-campfire-c/vendor/src/libxcrypt/lib/alg-sha256.c -o lib/libcrypt_la-alg-sha256.o
libtool: compile:  /home/msaraiva/.local/fil-c/0.685/filc-0.685-linux-x86_64/build/bin/clang -DHAVE_CONFIG_H -I. -I/home/msaraiva/dev/mark/Proj/Misc/once-campfire-c/vendor/src/libxcrypt -I/home/msaraiva/dev/mark/Proj/Misc/once-campfire-c/vendor/src/libxcrypt/lib -DIN_LIBCRYPT -Wall -Wextra -Walloca -Wbad-function-cast -Wcast-align -Wcast-qual -Wconversion -Wformat=2 -Wformat-signedness -Wmissing-declarations -Wmissing-prototypes -Wnested-externs -Wnull-dereference -Wold-style-definition -Wpointer-arith -Wshadow -Wstrict-overflow=2 -Wstrict-prototypes -Wundef -Wvla -Wwrite-strings -Wpedantic -fno-plt -g -O2 -MT lib/libcrypt_la-alg-hmac-sha1.lo -MD -MP -MF lib/.deps/libcrypt_la-alg-hmac-sha1.Tpo -c /home/msaraiva/dev/mark/Proj/Misc/once-campfire-c/vendor/src/libxcrypt/lib/alg-hmac-sha1.c -o lib/libcrypt_la-alg-hmac-sha1.o
libtool: compile:  /home/msaraiva/.local/fil-c/0.685/filc-0.685-linux-x86_64/build/bin/clang -DHAVE_CONFIG_H -I. -I/home/msaraiva/dev/mark/Proj/Misc/once-campfire-c/vendor/src/libxcrypt -I/home/msaraiva/dev/mark/Proj/Misc/once-campfire-c/vendor/src/libxcrypt/lib -DIN_LIBCRYPT -Wall -Wextra -Walloca -Wbad-function-cast -Wcast-align -Wcast-qual -Wconversion -Wformat=2 -Wformat-signedness -Wmissing-declarations -Wmissing-prototypes -Wnested-externs -Wnull-dereference -Wold-style-definition -Wpointer-arith -Wshadow -Wstrict-overflow=2 -Wstrict-prototypes -Wundef -Wvla -Wwrite-strings -Wpedantic -fno-plt -g -O2 -MT lib/libcrypt_la-crypt-pbkdf1-sha1.lo -MD -MP -MF lib/.deps/libcrypt_la-crypt-pbkdf1-sha1.Tpo -c /home/msaraiva/dev/mark/Proj/Misc/once-campfire-c/vendor/src/libxcrypt/lib/crypt-pbkdf1-sha1.c -o lib/libcrypt_la-crypt-pbkdf1-sha1.o
libtool: compile:  /home/msaraiva/.local/fil-c/0.685/filc-0.685-linux-x86_64/build/bin/clang -DHAVE_CONFIG_H -I. -I/home/msaraiva/dev/mark/Proj/Misc/once-campfire-c/vendor/src/libxcrypt -I/home/msaraiva/dev/mark/Proj/Misc/once-campfire-c/vendor/src/libxcrypt/lib -DIN_LIBCRYPT -Wall -Wextra -Walloca -Wbad-function-cast -Wcast-align -Wcast-qual -Wconversion -Wformat=2 -Wformat-signedness -Wmissing-declarations -Wmissing-prototypes -Wnested-externs -Wnull-dereference -Wold-style-definition -Wpointer-arith -Wshadow -Wstrict-overflow=2 -Wstrict-prototypes -Wundef -Wvla -Wwrite-strings -Wpedantic -fno-plt -g -O2 -MT lib/libcrypt_la-crypt-gensalt-static.lo -MD -MP -MF lib/.deps/libcrypt_la-crypt-gensalt-static.Tpo -c /home/msaraiva/dev/mark/Proj/Misc/once-campfire-c/vendor/src/libxcrypt/lib/crypt-gensalt-static.c -o lib/libcrypt_la-crypt-gensalt-static.o
libtool: compile:  /home/msaraiva/.local/fil-c/0.685/filc-0.685-linux-x86_64/build/bin/clang -DHAVE_CONFIG_H -I. -I/home/msaraiva/dev/mark/Proj/Misc/once-campfire-c/vendor/src/libxcrypt -I/home/msaraiva/dev/mark/Proj/Misc/once-campfire-c/vendor/src/libxcrypt/lib -DIN_LIBCRYPT -Wall -Wextra -Walloca -Wbad-function-cast -Wcast-align -Wcast-qual -Wconversion -Wformat=2 -Wformat-signedness -Wmissing-declarations -Wmissing-prototypes -Wnested-externs -Wnull-dereference -Wold-style-definition -Wpointer-arith -Wshadow -Wstrict-overflow=2 -Wstrict-prototypes -Wundef -Wvla -Wwrite-strings -Wpedantic -fno-plt -g -O2 -MT lib/libcrypt_la-crypt-nthash.lo -MD -MP -MF lib/.deps/libcrypt_la-crypt-nthash.Tpo -c /home/msaraiva/dev/mark/Proj/Misc/once-campfire-c/vendor/src/libxcrypt/lib/crypt-nthash.c -o lib/libcrypt_la-crypt-nthash.o
libtool: compile:  /home/msaraiva/.local/fil-c/0.685/filc-0.685-linux-x86_64/build/bin/clang -DHAVE_CONFIG_H -I. -I/home/msaraiva/dev/mark/Proj/Misc/once-campfire-c/vendor/src/libxcrypt -I/home/msaraiva/dev/mark/Proj/Misc/once-campfire-c/vendor/src/libxcrypt/lib -DIN_LIBCRYPT -Wall -Wextra -Walloca -Wbad-function-cast -Wcast-align -Wcast-qual -Wconversion -Wformat=2 -Wformat-signedness -Wmissing-declarations -Wmissing-prototypes -Wnested-externs -Wnull-dereference -Wold-style-definition -Wpointer-arith -Wshadow -Wstrict-overflow=2 -Wstrict-prototypes -Wundef -Wvla -Wwrite-strings -Wpedantic -fno-plt -g -O2 -MT lib/libcrypt_la-alg-sha512.lo -MD -MP -MF lib/.deps/libcrypt_la-alg-sha512.Tpo -c /home/msaraiva/dev/mark/Proj/Misc/once-campfire-c/vendor/src/libxcrypt/lib/alg-sha512.c -o lib/libcrypt_la-alg-sha512.o
libtool: compile:  /home/msaraiva/.local/fil-c/0.685/filc-0.685-linux-x86_64/build/bin/clang -DHAVE_CONFIG_H -I. -I/home/msaraiva/dev/mark/Proj/Misc/once-campfire-c/vendor/src/libxcrypt -I/home/msaraiva/dev/mark/Proj/Misc/once-campfire-c/vendor/src/libxcrypt/lib -DIN_LIBCRYPT -Wall -Wextra -Walloca -Wbad-function-cast -Wcast-align -Wcast-qual -Wconversion -Wformat=2 -Wformat-signedness -Wmissing-declarations -Wmissing-prototypes -Wnested-externs -Wnull-dereference -Wold-style-definition -Wpointer-arith -Wshadow -Wstrict-overflow=2 -Wstrict-prototypes -Wundef -Wvla -Wwrite-strings -Wpedantic -fno-plt -g -O2 -MT lib/libcrypt_la-crypt-scrypt.lo -MD -MP -MF lib/.deps/libcrypt_la-crypt-scrypt.Tpo -c /home/msaraiva/dev/mark/Proj/Misc/once-campfire-c/vendor/src/libxcrypt/lib/crypt-scrypt.c -o lib/libcrypt_la-crypt-scrypt.o
libtool: compile:  /home/msaraiva/.local/fil-c/0.685/filc-0.685-linux-x86_64/build/bin/clang -DHAVE_CONFIG_H -I. -I/home/msaraiva/dev/mark/Proj/Misc/once-campfire-c/vendor/src/libxcrypt -I/home/msaraiva/dev/mark/Proj/Misc/once-campfire-c/vendor/src/libxcrypt/lib -DIN_LIBCRYPT -Wall -Wextra -Walloca -Wbad-function-cast -Wcast-align -Wcast-qual -Wconversion -Wformat=2 -Wformat-signedness -Wmissing-declarations -Wmissing-prototypes -Wnested-externs -Wnull-dereference -Wold-style-definition -Wpointer-arith -Wshadow -Wstrict-overflow=2 -Wstrict-prototypes -Wundef -Wvla -Wwrite-strings -Wpedantic -fno-plt -g -O2 -MT lib/libcrypt_la-alg-md4.lo -MD -MP -MF lib/.deps/libcrypt_la-alg-md4.Tpo -c /home/msaraiva/dev/mark/Proj/Misc/once-campfire-c/vendor/src/libxcrypt/lib/alg-md4.c -o lib/libcrypt_la-alg-md4.o
libtool: compile:  /home/msaraiva/.local/fil-c/0.685/filc-0.685-linux-x86_64/build/bin/clang -DHAVE_CONFIG_H -I. -I/home/msaraiva/dev/mark/Proj/Misc/once-campfire-c/vendor/src/libxcrypt -I/home/msaraiva/dev/mark/Proj/Misc/once-campfire-c/vendor/src/libxcrypt/lib -DIN_LIBCRYPT -Wall -Wextra -Walloca -Wbad-function-cast -Wcast-align -Wcast-qual -Wconversion -Wformat=2 -Wformat-signedness -Wmissing-declarations -Wmissing-prototypes -Wnested-externs -Wnull-dereference -Wold-style-definition -Wpointer-arith -Wshadow -Wstrict-overflow=2 -Wstrict-prototypes -Wundef -Wvla -Wwrite-strings -Wpedantic -fno-plt -g -O2 -MT lib/libcrypt_la-crypt-bcrypt.lo -MD -MP -MF lib/.deps/libcrypt_la-crypt-bcrypt.Tpo -c /home/msaraiva/dev/mark/Proj/Misc/once-campfire-c/vendor/src/libxcrypt/lib/crypt-bcrypt.c -o lib/libcrypt_la-crypt-bcrypt.o
libtool: compile:  /home/msaraiva/.local/fil-c/0.685/filc-0.685-linux-x86_64/build/bin/clang -DHAVE_CONFIG_H -I. -I/home/msaraiva/dev/mark/Proj/Misc/once-campfire-c/vendor/src/libxcrypt -I/home/msaraiva/dev/mark/Proj/Misc/once-campfire-c/vendor/src/libxcrypt/lib -DIN_LIBCRYPT -Wall -Wextra -Walloca -Wbad-function-cast -Wcast-align -Wcast-qual -Wconversion -Wformat=2 -Wformat-signedness -Wmissing-declarations -Wmissing-prototypes -Wnested-externs -Wnull-dereference -Wold-style-definition -Wpointer-arith -Wshadow -Wstrict-overflow=2 -Wstrict-prototypes -Wundef -Wvla -Wwrite-strings -Wpedantic -fno-plt -g -O2 -MT lib/libcrypt_la-crypt-sm3-yescrypt.lo -MD -MP -MF lib/.deps/libcrypt_la-crypt-sm3-yescrypt.Tpo -c /home/msaraiva/dev/mark/Proj/Misc/once-campfire-c/vendor/src/libxcrypt/lib/crypt-sm3-yescrypt.c -o lib/libcrypt_la-crypt-sm3-yescrypt.o
libtool: compile:  /home/msaraiva/.local/fil-c/0.685/filc-0.685-linux-x86_64/build/bin/clang -DHAVE_CONFIG_H -I. -I/home/msaraiva/dev/mark/Proj/Misc/once-campfire-c/vendor/src/libxcrypt -I/home/msaraiva/dev/mark/Proj/Misc/once-campfire-c/vendor/src/libxcrypt/lib -DIN_LIBCRYPT -Wall -Wextra -Walloca -Wbad-function-cast -Wcast-align -Wcast-qual -Wconversion -Wformat=2 -Wformat-signedness -Wmissing-declarations -Wmissing-prototypes -Wnested-externs -Wnull-dereference -Wold-style-definition -Wpointer-arith -Wshadow -Wstrict-overflow=2 -Wstrict-prototypes -Wundef -Wvla -Wwrite-strings -Wpedantic -fno-plt -g -O2 -MT lib/libcrypt_la-alg-sm3.lo -MD -MP -MF lib/.deps/libcrypt_la-alg-sm3.Tpo -c /home/msaraiva/dev/mark/Proj/Misc/once-campfire-c/vendor/src/libxcrypt/lib/alg-sm3.c -o lib/libcrypt_la-alg-sm3.o
libtool: compile:  /home/msaraiva/.local/fil-c/0.685/filc-0.685-linux-x86_64/build/bin/clang -DHAVE_CONFIG_H -I. -I/home/msaraiva/dev/mark/Proj/Misc/once-campfire-c/vendor/src/libxcrypt -I/home/msaraiva/dev/mark/Proj/Misc/once-campfire-c/vendor/src/libxcrypt/lib -DIN_LIBCRYPT -Wall -Wextra -Walloca -Wbad-function-cast -Wcast-align -Wcast-qual -Wconversion -Wformat=2 -Wformat-signedness -Wmissing-declarations -Wmissing-prototypes -Wnested-externs -Wnull-dereference -Wold-style-definition -Wpointer-arith -Wshadow -Wstrict-overflow=2 -Wstrict-prototypes -Wundef -Wvla -Wwrite-strings -Wpedantic -fno-plt -g -O2 -MT lib/libcrypt_la-crypt-des.lo -MD -MP -MF lib/.deps/libcrypt_la-crypt-des.Tpo -c /home/msaraiva/dev/mark/Proj/Misc/once-campfire-c/vendor/src/libxcrypt/lib/crypt-des.c -o lib/libcrypt_la-crypt-des.o
libtool: compile:  /home/msaraiva/.local/fil-c/0.685/filc-0.685-linux-x86_64/build/bin/clang -DHAVE_CONFIG_H -I. -I/home/msaraiva/dev/mark/Proj/Misc/once-campfire-c/vendor/src/libxcrypt -I/home/msaraiva/dev/mark/Proj/Misc/once-campfire-c/vendor/src/libxcrypt/lib -DIN_LIBCRYPT -Wall -Wextra -Walloca -Wbad-function-cast -Wcast-align -Wcast-qual -Wconversion -Wformat=2 -Wformat-signedness -Wmissing-declarations -Wmissing-prototypes -Wnested-externs -Wnull-dereference -Wold-style-definition -Wpointer-arith -Wshadow -Wstrict-overflow=2 -Wstrict-prototypes -Wundef -Wvla -Wwrite-strings -Wpedantic -fno-plt -g -O2 -MT lib/libcrypt_la-alg-yescrypt-opt.lo -MD -MP -MF lib/.deps/libcrypt_la-alg-yescrypt-opt.Tpo -c /home/msaraiva/dev/mark/Proj/Misc/once-campfire-c/vendor/src/libxcrypt/lib/alg-yescrypt-opt.c -o lib/libcrypt_la-alg-yescrypt-opt.o
libtool: compile:  /home/msaraiva/.local/fil-c/0.685/filc-0.685-linux-x86_64/build/bin/clang -DHAVE_CONFIG_H -I. -I/home/msaraiva/dev/mark/Proj/Misc/once-campfire-c/vendor/src/libxcrypt -I/home/msaraiva/dev/mark/Proj/Misc/once-campfire-c/vendor/src/libxcrypt/lib -DIN_LIBCRYPT -Wall -Wextra -Walloca -Wbad-function-cast -Wcast-align -Wcast-qual -Wconversion -Wformat=2 -Wformat-signedness -Wmissing-declarations -Wmissing-prototypes -Wnested-externs -Wnull-dereference -Wold-style-definition -Wpointer-arith -Wshadow -Wstrict-overflow=2 -Wstrict-prototypes -Wundef -Wvla -Wwrite-strings -Wpedantic -fno-plt -g -O2 -MT lib/libcrypt_la-crypt-gost-yescrypt.lo -MD -MP -MF lib/.deps/libcrypt_la-crypt-gost-yescrypt.Tpo -c /home/msaraiva/dev/mark/Proj/Misc/once-campfire-c/vendor/src/libxcrypt/lib/crypt-gost-yescrypt.c -o lib/libcrypt_la-crypt-gost-yescrypt.o
libtool: compile:  /home/msaraiva/.local/fil-c/0.685/filc-0.685-linux-x86_64/build/bin/clang -DHAVE_CONFIG_H -I. -I/home/msaraiva/dev/mark/Proj/Misc/once-campfire-c/vendor/src/libxcrypt -I/home/msaraiva/dev/mark/Proj/Misc/once-campfire-c/vendor/src/libxcrypt/lib -DIN_LIBCRYPT -Wall -Wextra -Walloca -Wbad-function-cast -Wcast-align -Wcast-qual -Wconversion -Wformat=2 -Wformat-signedness -Wmissing-declarations -Wmissing-prototypes -Wnested-externs -Wnull-dereference -Wold-style-definition -Wpointer-arith -Wshadow -Wstrict-overflow=2 -Wstrict-prototypes -Wundef -Wvla -Wwrite-strings -Wpedantic -fno-plt -g -O2 -MT lib/libcrypt_la-alg-yescrypt-common.lo -MD -MP -MF lib/.deps/libcrypt_la-alg-yescrypt-common.Tpo -c /home/msaraiva/dev/mark/Proj/Misc/once-campfire-c/vendor/src/libxcrypt/lib/alg-yescrypt-common.c -o lib/libcrypt_la-alg-yescrypt-common.o
mv -f lib/.deps/libcrypt_la-crypt-md5.Tpo lib/.deps/libcrypt_la-crypt-md5.Plo
/bin/sh ./libtool  --tag=CC   --mode=compile /home/msaraiva/.local/fil-c/0.685/filc-0.685-linux-x86_64/build/bin/clang -DHAVE_CONFIG_H -I. -I/home/msaraiva/dev/mark/Proj/Misc/once-campfire-c/vendor/src/libxcrypt  -I/home/msaraiva/dev/mark/Proj/Misc/once-campfire-c/vendor/src/libxcrypt/lib -DIN_LIBCRYPT  -Wall -Wextra -Walloca -Wbad-function-cast -Wcast-align -Wcast-qual -Wconversion -Wformat=2 -Wformat-signedness -Wmissing-declarations -Wmissing-prototypes -Wnested-externs -Wnull-dereference -Wold-style-definition -Wpointer-arith -Wshadow -Wstrict-overflow=2 -Wstrict-prototypes -Wundef -Wvla -Wwrite-strings -Wpedantic -fno-plt -g -O2 -MT lib/libcrypt_la-crypt-sha256.lo -MD -MP -MF lib/.deps/libcrypt_la-crypt-sha256.Tpo -c -o lib/libcrypt_la-crypt-sha256.lo `test -f 'lib/crypt-sha256.c' || echo '/home/msaraiva/dev/mark/Proj/Misc/once-campfire-c/vendor/src/libxcrypt/'`lib/crypt-sha256.c
mv -f lib/.deps/libcrypt_la-alg-des.Tpo lib/.deps/libcrypt_la-alg-des.Plo
mv -f lib/.deps/libcrypt_la-alg-gost3411-2012-hmac.Tpo lib/.deps/libcrypt_la-alg-gost3411-2012-hmac.Plo
/bin/sh ./libtool  --tag=CC   --mode=compile /home/msaraiva/.local/fil-c/0.685/filc-0.685-linux-x86_64/build/bin/clang -DHAVE_CONFIG_H -I. -I/home/msaraiva/dev/mark/Proj/Misc/once-campfire-c/vendor/src/libxcrypt  -I/home/msaraiva/dev/mark/Proj/Misc/once-campfire-c/vendor/src/libxcrypt/lib -DIN_LIBCRYPT  -Wall -Wextra -Walloca -Wbad-function-cast -Wcast-align -Wcast-qual -Wconversion -Wformat=2 -Wformat-signedness -Wmissing-declarations -Wmissing-prototypes -Wnested-externs -Wnull-dereference -Wold-style-definition -Wpointer-arith -Wshadow -Wstrict-overflow=2 -Wstrict-prototypes -Wundef -Wvla -Wwrite-strings -Wpedantic -fno-plt -g -O2 -MT lib/libcrypt_la-crypt-sha512.lo -MD -MP -MF lib/.deps/libcrypt_la-crypt-sha512.Tpo -c -o lib/libcrypt_la-crypt-sha512.lo `test -f 'lib/crypt-sha512.c' || echo '/home/msaraiva/dev/mark/Proj/Misc/once-campfire-c/vendor/src/libxcrypt/'`lib/crypt-sha512.c
/bin/sh ./libtool  --tag=CC   --mode=compile /home/msaraiva/.local/fil-c/0.685/filc-0.685-linux-x86_64/build/bin/clang -DHAVE_CONFIG_H -I. -I/home/msaraiva/dev/mark/Proj/Misc/once-campfire-c/vendor/src/libxcrypt  -I/home/msaraiva/dev/mark/Proj/Misc/once-campfire-c/vendor/src/libxcrypt/lib -DIN_LIBCRYPT  -Wall -Wextra -Walloca -Wbad-function-cast -Wcast-align -Wcast-qual -Wconversion -Wformat=2 -Wformat-signedness -Wmissing-declarations -Wmissing-prototypes -Wnested-externs -Wnull-dereference -Wold-style-definition -Wpointer-arith -Wshadow -Wstrict-overflow=2 -Wstrict-prototypes -Wundef -Wvla -Wwrite-strings -Wpedantic -fno-plt -g -O2 -MT lib/libcrypt_la-crypt-sm3.lo -MD -MP -MF lib/.deps/libcrypt_la-crypt-sm3.Tpo -c -o lib/libcrypt_la-crypt-sm3.lo `test -f 'lib/crypt-sm3.c' || echo '/home/msaraiva/dev/mark/Proj/Misc/once-campfire-c/vendor/src/libxcrypt/'`lib/crypt-sm3.c
mv -f lib/.deps/libcrypt_la-alg-sm3-hmac.Tpo lib/.deps/libcrypt_la-alg-sm3-hmac.Plo
/bin/sh ./libtool  --tag=CC   --mode=compile /home/msaraiva/.local/fil-c/0.685/filc-0.685-linux-x86_64/build/bin/clang -DHAVE_CONFIG_H -I. -I/home/msaraiva/dev/mark/Proj/Misc/once-campfire-c/vendor/src/libxcrypt  -I/home/msaraiva/dev/mark/Proj/Misc/once-campfire-c/vendor/src/libxcrypt/lib -DIN_LIBCRYPT  -Wall -Wextra -Walloca -Wbad-function-cast -Wcast-align -Wcast-qual -Wconversion -Wformat=2 -Wformat-signedness -Wmissing-declarations -Wmissing-prototypes -Wnested-externs -Wnull-dereference -Wold-style-definition -Wpointer-arith -Wshadow -Wstrict-overflow=2 -Wstrict-prototypes -Wundef -Wvla -Wwrite-strings -Wpedantic -fno-plt -g -O2 -MT lib/libcrypt_la-crypt-static.lo -MD -MP -MF lib/.deps/libcrypt_la-crypt-static.Tpo -c -o lib/libcrypt_la-crypt-static.lo `test -f 'lib/crypt-static.c' || echo '/home/msaraiva/dev/mark/Proj/Misc/once-campfire-c/vendor/src/libxcrypt/'`lib/crypt-static.c
mv -f lib/.deps/libcrypt_la-crypt-gensalt-static.Tpo lib/.deps/libcrypt_la-crypt-gensalt-static.Plo
/bin/sh ./libtool  --tag=CC   --mode=compile /home/msaraiva/.local/fil-c/0.685/filc-0.685-linux-x86_64/build/bin/clang -DHAVE_CONFIG_H -I. -I/home/msaraiva/dev/mark/Proj/Misc/once-campfire-c/vendor/src/libxcrypt  -I/home/msaraiva/dev/mark/Proj/Misc/once-campfire-c/vendor/src/libxcrypt/lib -DIN_LIBCRYPT  -Wall -Wextra -Walloca -Wbad-function-cast -Wcast-align -Wcast-qual -Wconversion -Wformat=2 -Wformat-signedness -Wmissing-declarations -Wmissing-prototypes -Wnested-externs -Wnull-dereference -Wold-style-definition -Wpointer-arith -Wshadow -Wstrict-overflow=2 -Wstrict-prototypes -Wundef -Wvla -Wwrite-strings -Wpedantic -fno-plt -g -O2 -MT lib/libcrypt_la-crypt-sunmd5.lo -MD -MP -MF lib/.deps/libcrypt_la-crypt-sunmd5.Tpo -c -o lib/libcrypt_la-crypt-sunmd5.lo `test -f 'lib/crypt-sunmd5.c' || echo '/home/msaraiva/dev/mark/Proj/Misc/once-campfire-c/vendor/src/libxcrypt/'`lib/crypt-sunmd5.c
/bin/sh ./libtool  --tag=CC   --mode=compile /home/msaraiva/.local/fil-c/0.685/filc-0.685-linux-x86_64/build/bin/clang -DHAVE_CONFIG_H -I. -I/home/msaraiva/dev/mark/Proj/Misc/once-campfire-c/vendor/src/libxcrypt  -I/home/msaraiva/dev/mark/Proj/Misc/once-campfire-c/vendor/src/libxcrypt/lib -DIN_LIBCRYPT  -Wall -Wextra -Walloca -Wbad-function-cast -Wcast-align -Wcast-qual -Wconversion -Wformat=2 -Wformat-signedness -Wmissing-declarations -Wmissing-prototypes -Wnested-externs -Wnull-dereference -Wold-style-definition -Wpointer-arith -Wshadow -Wstrict-overflow=2 -Wstrict-prototypes -Wundef -Wvla -Wwrite-strings -Wpedantic -fno-plt -g -O2 -MT lib/libcrypt_la-crypt-yescrypt.lo -MD -MP -MF lib/.deps/libcrypt_la-crypt-yescrypt.Tpo -c -o lib/libcrypt_la-crypt-yescrypt.lo `test -f 'lib/crypt-yescrypt.c' || echo '/home/msaraiva/dev/mark/Proj/Misc/once-campfire-c/vendor/src/libxcrypt/'`lib/crypt-yescrypt.c
libtool: compile:  /home/msaraiva/.local/fil-c/0.685/filc-0.685-linux-x86_64/build/bin/clang -DHAVE_CONFIG_H -I. -I/home/msaraiva/dev/mark/Proj/Misc/once-campfire-c/vendor/src/libxcrypt -I/home/msaraiva/dev/mark/Proj/Misc/once-campfire-c/vendor/src/libxcrypt/lib -DIN_LIBCRYPT -Wall -Wextra -Walloca -Wbad-function-cast -Wcast-align -Wcast-qual -Wconversion -Wformat=2 -Wformat-signedness -Wmissing-declarations -Wmissing-prototypes -Wnested-externs -Wnull-dereference -Wold-style-definition -Wpointer-arith -Wshadow -Wstrict-overflow=2 -Wstrict-prototypes -Wundef -Wvla -Wwrite-strings -Wpedantic -fno-plt -g -O2 -MT lib/libcrypt_la-crypt-sha256.lo -MD -MP -MF lib/.deps/libcrypt_la-crypt-sha256.Tpo -c /home/msaraiva/dev/mark/Proj/Misc/once-campfire-c/vendor/src/libxcrypt/lib/crypt-sha256.c -o lib/libcrypt_la-crypt-sha256.o
libtool: compile:  /home/msaraiva/.local/fil-c/0.685/filc-0.685-linux-x86_64/build/bin/clang -DHAVE_CONFIG_H -I. -I/home/msaraiva/dev/mark/Proj/Misc/once-campfire-c/vendor/src/libxcrypt -I/home/msaraiva/dev/mark/Proj/Misc/once-campfire-c/vendor/src/libxcrypt/lib -DIN_LIBCRYPT -Wall -Wextra -Walloca -Wbad-function-cast -Wcast-align -Wcast-qual -Wconversion -Wformat=2 -Wformat-signedness -Wmissing-declarations -Wmissing-prototypes -Wnested-externs -Wnull-dereference -Wold-style-definition -Wpointer-arith -Wshadow -Wstrict-overflow=2 -Wstrict-prototypes -Wundef -Wvla -Wwrite-strings -Wpedantic -fno-plt -g -O2 -MT lib/libcrypt_la-crypt-sha512.lo -MD -MP -MF lib/.deps/libcrypt_la-crypt-sha512.Tpo -c /home/msaraiva/dev/mark/Proj/Misc/once-campfire-c/vendor/src/libxcrypt/lib/crypt-sha512.c -o lib/libcrypt_la-crypt-sha512.o
mv -f lib/.deps/libcrypt_la-alg-hmac-sha1.Tpo lib/.deps/libcrypt_la-alg-hmac-sha1.Plo
mv -f lib/.deps/libcrypt_la-alg-sha1.Tpo lib/.deps/libcrypt_la-alg-sha1.Plo
/bin/sh ./libtool  --tag=CC   --mode=compile /home/msaraiva/.local/fil-c/0.685/filc-0.685-linux-x86_64/build/bin/clang -DHAVE_CONFIG_H -I. -I/home/msaraiva/dev/mark/Proj/Misc/once-campfire-c/vendor/src/libxcrypt  -I/home/msaraiva/dev/mark/Proj/Misc/once-campfire-c/vendor/src/libxcrypt/lib -DIN_LIBCRYPT  -Wall -Wextra -Walloca -Wbad-function-cast -Wcast-align -Wcast-qual -Wconversion -Wformat=2 -Wformat-signedness -Wmissing-declarations -Wmissing-prototypes -Wnested-externs -Wnull-dereference -Wold-style-definition -Wpointer-arith -Wshadow -Wstrict-overflow=2 -Wstrict-prototypes -Wundef -Wvla -Wwrite-strings -Wpedantic -fno-plt -g -O2 -MT lib/libcrypt_la-crypt.lo -MD -MP -MF lib/.deps/libcrypt_la-crypt.Tpo -c -o lib/libcrypt_la-crypt.lo `test -f 'lib/crypt.c' || echo '/home/msaraiva/dev/mark/Proj/Misc/once-campfire-c/vendor/src/libxcrypt/'`lib/crypt.c
/bin/sh ./libtool  --tag=CC   --mode=compile /home/msaraiva/.local/fil-c/0.685/filc-0.685-linux-x86_64/build/bin/clang -DHAVE_CONFIG_H -I. -I/home/msaraiva/dev/mark/Proj/Misc/once-campfire-c/vendor/src/libxcrypt  -I/home/msaraiva/dev/mark/Proj/Misc/once-campfire-c/vendor/src/libxcrypt/lib -DIN_LIBCRYPT  -Wall -Wextra -Walloca -Wbad-function-cast -Wcast-align -Wcast-qual -Wconversion -Wformat=2 -Wformat-signedness -Wmissing-declarations -Wmissing-prototypes -Wnested-externs -Wnull-dereference -Wold-style-definition -Wpointer-arith -Wshadow -Wstrict-overflow=2 -Wstrict-prototypes -Wundef -Wvla -Wwrite-strings -Wpedantic -fno-plt -g -O2 -MT lib/libcrypt_la-util-base64.lo -MD -MP -MF lib/.deps/libcrypt_la-util-base64.Tpo -c -o lib/libcrypt_la-util-base64.lo `test -f 'lib/util-base64.c' || echo '/home/msaraiva/dev/mark/Proj/Misc/once-campfire-c/vendor/src/libxcrypt/'`lib/util-base64.c
libtool: compile:  /home/msaraiva/.local/fil-c/0.685/filc-0.685-linux-x86_64/build/bin/clang -DHAVE_CONFIG_H -I. -I/home/msaraiva/dev/mark/Proj/Misc/once-campfire-c/vendor/src/libxcrypt -I/home/msaraiva/dev/mark/Proj/Misc/once-campfire-c/vendor/src/libxcrypt/lib -DIN_LIBCRYPT -Wall -Wextra -Walloca -Wbad-function-cast -Wcast-align -Wcast-qual -Wconversion -Wformat=2 -Wformat-signedness -Wmissing-declarations -Wmissing-prototypes -Wnested-externs -Wnull-dereference -Wold-style-definition -Wpointer-arith -Wshadow -Wstrict-overflow=2 -Wstrict-prototypes -Wundef -Wvla -Wwrite-strings -Wpedantic -fno-plt -g -O2 -MT lib/libcrypt_la-crypt-sm3.lo -MD -MP -MF lib/.deps/libcrypt_la-crypt-sm3.Tpo -c /home/msaraiva/dev/mark/Proj/Misc/once-campfire-c/vendor/src/libxcrypt/lib/crypt-sm3.c -o lib/libcrypt_la-crypt-sm3.o
libtool: compile:  /home/msaraiva/.local/fil-c/0.685/filc-0.685-linux-x86_64/build/bin/clang -DHAVE_CONFIG_H -I. -I/home/msaraiva/dev/mark/Proj/Misc/once-campfire-c/vendor/src/libxcrypt -I/home/msaraiva/dev/mark/Proj/Misc/once-campfire-c/vendor/src/libxcrypt/lib -DIN_LIBCRYPT -Wall -Wextra -Walloca -Wbad-function-cast -Wcast-align -Wcast-qual -Wconversion -Wformat=2 -Wformat-signedness -Wmissing-declarations -Wmissing-prototypes -Wnested-externs -Wnull-dereference -Wold-style-definition -Wpointer-arith -Wshadow -Wstrict-overflow=2 -Wstrict-prototypes -Wundef -Wvla -Wwrite-strings -Wpedantic -fno-plt -g -O2 -MT lib/libcrypt_la-crypt-static.lo -MD -MP -MF lib/.deps/libcrypt_la-crypt-static.Tpo -c /home/msaraiva/dev/mark/Proj/Misc/once-campfire-c/vendor/src/libxcrypt/lib/crypt-static.c -o lib/libcrypt_la-crypt-static.o
mv -f lib/.deps/libcrypt_la-crypt-scrypt.Tpo lib/.deps/libcrypt_la-crypt-scrypt.Plo
libtool: compile:  /home/msaraiva/.local/fil-c/0.685/filc-0.685-linux-x86_64/build/bin/clang -DHAVE_CONFIG_H -I. -I/home/msaraiva/dev/mark/Proj/Misc/once-campfire-c/vendor/src/libxcrypt -I/home/msaraiva/dev/mark/Proj/Misc/once-campfire-c/vendor/src/libxcrypt/lib -DIN_LIBCRYPT -Wall -Wextra -Walloca -Wbad-function-cast -Wcast-align -Wcast-qual -Wconversion -Wformat=2 -Wformat-signedness -Wmissing-declarations -Wmissing-prototypes -Wnested-externs -Wnull-dereference -Wold-style-definition -Wpointer-arith -Wshadow -Wstrict-overflow=2 -Wstrict-prototypes -Wundef -Wvla -Wwrite-strings -Wpedantic -fno-plt -g -O2 -MT lib/libcrypt_la-crypt-sunmd5.lo -MD -MP -MF lib/.deps/libcrypt_la-crypt-sunmd5.Tpo -c /home/msaraiva/dev/mark/Proj/Misc/once-campfire-c/vendor/src/libxcrypt/lib/crypt-sunmd5.c -o lib/libcrypt_la-crypt-sunmd5.o
mv -f lib/.deps/libcrypt_la-crypt-des.Tpo lib/.deps/libcrypt_la-crypt-des.Plo
/bin/sh ./libtool  --tag=CC   --mode=compile /home/msaraiva/.local/fil-c/0.685/filc-0.685-linux-x86_64/build/bin/clang -DHAVE_CONFIG_H -I. -I/home/msaraiva/dev/mark/Proj/Misc/once-campfire-c/vendor/src/libxcrypt  -I/home/msaraiva/dev/mark/Proj/Misc/once-campfire-c/vendor/src/libxcrypt/lib -DIN_LIBCRYPT  -Wall -Wextra -Walloca -Wbad-function-cast -Wcast-align -Wcast-qual -Wconversion -Wformat=2 -Wformat-signedness -Wmissing-declarations -Wmissing-prototypes -Wnested-externs -Wnull-dereference -Wold-style-definition -Wpointer-arith -Wshadow -Wstrict-overflow=2 -Wstrict-prototypes -Wundef -Wvla -Wwrite-strings -Wpedantic -fno-plt -g -O2 -MT lib/libcrypt_la-util-gensalt-sha.lo -MD -MP -MF lib/.deps/libcrypt_la-util-gensalt-sha.Tpo -c -o lib/libcrypt_la-util-gensalt-sha.lo `test -f 'lib/util-gensalt-sha.c' || echo '/home/msaraiva/dev/mark/Proj/Misc/once-campfire-c/vendor/src/libxcrypt/'`lib/util-gensalt-sha.c
mv -f lib/.deps/libcrypt_la-alg-des-tables.Tpo lib/.deps/libcrypt_la-alg-des-tables.Plo
/bin/sh ./libtool  --tag=CC   --mode=compile /home/msaraiva/.local/fil-c/0.685/filc-0.685-linux-x86_64/build/bin/clang -DHAVE_CONFIG_H -I. -I/home/msaraiva/dev/mark/Proj/Misc/once-campfire-c/vendor/src/libxcrypt  -I/home/msaraiva/dev/mark/Proj/Misc/once-campfire-c/vendor/src/libxcrypt/lib -DIN_LIBCRYPT  -Wall -Wextra -Walloca -Wbad-function-cast -Wcast-align -Wcast-qual -Wconversion -Wformat=2 -Wformat-signedness -Wmissing-declarations -Wmissing-prototypes -Wnested-externs -Wnull-dereference -Wold-style-definition -Wpointer-arith -Wshadow -Wstrict-overflow=2 -Wstrict-prototypes -Wundef -Wvla -Wwrite-strings -Wpedantic -fno-plt -g -O2 -MT lib/libcrypt_la-util-get-random-bytes.lo -MD -MP -MF lib/.deps/libcrypt_la-util-get-random-bytes.Tpo -c -o lib/libcrypt_la-util-get-random-bytes.lo `test -f 'lib/util-get-random-bytes.c' || echo '/home/msaraiva/dev/mark/Proj/Misc/once-campfire-c/vendor/src/libxcrypt/'`lib/util-get-random-bytes.c
/bin/sh ./libtool  --tag=CC   --mode=compile /home/msaraiva/.local/fil-c/0.685/filc-0.685-linux-x86_64/build/bin/clang -DHAVE_CONFIG_H -I. -I/home/msaraiva/dev/mark/Proj/Misc/once-campfire-c/vendor/src/libxcrypt  -I/home/msaraiva/dev/mark/Proj/Misc/once-campfire-c/vendor/src/libxcrypt/lib -DIN_LIBCRYPT  -Wall -Wextra -Walloca -Wbad-function-cast -Wcast-align -Wcast-qual -Wconversion -Wformat=2 -Wformat-signedness -Wmissing-declarations -Wmissing-prototypes -Wnested-externs -Wnull-dereference -Wold-style-definition -Wpointer-arith -Wshadow -Wstrict-overflow=2 -Wstrict-prototypes -Wundef -Wvla -Wwrite-strings -Wpedantic -fno-plt -g -O2 -MT lib/libcrypt_la-util-make-failure-token.lo -MD -MP -MF lib/.deps/libcrypt_la-util-make-failure-token.Tpo -c -o lib/libcrypt_la-util-make-failure-token.lo `test -f 'lib/util-make-failure-token.c' || echo '/home/msaraiva/dev/mark/Proj/Misc/once-campfire-c/vendor/src/libxcrypt/'`lib/util-make-failure-token.c
libtool: compile:  /home/msaraiva/.local/fil-c/0.685/filc-0.685-linux-x86_64/build/bin/clang -DHAVE_CONFIG_H -I. -I/home/msaraiva/dev/mark/Proj/Misc/once-campfire-c/vendor/src/libxcrypt -I/home/msaraiva/dev/mark/Proj/Misc/once-campfire-c/vendor/src/libxcrypt/lib -DIN_LIBCRYPT -Wall -Wextra -Walloca -Wbad-function-cast -Wcast-align -Wcast-qual -Wconversion -Wformat=2 -Wformat-signedness -Wmissing-declarations -Wmissing-prototypes -Wnested-externs -Wnull-dereference -Wold-style-definition -Wpointer-arith -Wshadow -Wstrict-overflow=2 -Wstrict-prototypes -Wundef -Wvla -Wwrite-strings -Wpedantic -fno-plt -g -O2 -MT lib/libcrypt_la-crypt-yescrypt.lo -MD -MP -MF lib/.deps/libcrypt_la-crypt-yescrypt.Tpo -c /home/msaraiva/dev/mark/Proj/Misc/once-campfire-c/vendor/src/libxcrypt/lib/crypt-yescrypt.c -o lib/libcrypt_la-crypt-yescrypt.o
libtool: compile:  /home/msaraiva/.local/fil-c/0.685/filc-0.685-linux-x86_64/build/bin/clang -DHAVE_CONFIG_H -I. -I/home/msaraiva/dev/mark/Proj/Misc/once-campfire-c/vendor/src/libxcrypt -I/home/msaraiva/dev/mark/Proj/Misc/once-campfire-c/vendor/src/libxcrypt/lib -DIN_LIBCRYPT -Wall -Wextra -Walloca -Wbad-function-cast -Wcast-align -Wcast-qual -Wconversion -Wformat=2 -Wformat-signedness -Wmissing-declarations -Wmissing-prototypes -Wnested-externs -Wnull-dereference -Wold-style-definition -Wpointer-arith -Wshadow -Wstrict-overflow=2 -Wstrict-prototypes -Wundef -Wvla -Wwrite-strings -Wpedantic -fno-plt -g -O2 -MT lib/libcrypt_la-crypt.lo -MD -MP -MF lib/.deps/libcrypt_la-crypt.Tpo -c /home/msaraiva/dev/mark/Proj/Misc/once-campfire-c/vendor/src/libxcrypt/lib/crypt.c -o lib/libcrypt_la-crypt.o
mv -f lib/.deps/libcrypt_la-alg-gost3411-2012-core.Tpo lib/.deps/libcrypt_la-alg-gost3411-2012-core.Plo
mv -f lib/.deps/libcrypt_la-crypt-gost-yescrypt.Tpo lib/.deps/libcrypt_la-crypt-gost-yescrypt.Plo
mv -f lib/.deps/libcrypt_la-crypt-pbkdf1-sha1.Tpo lib/.deps/libcrypt_la-crypt-pbkdf1-sha1.Plo
/bin/sh ./libtool  --tag=CC   --mode=compile /home/msaraiva/.local/fil-c/0.685/filc-0.685-linux-x86_64/build/bin/clang -DHAVE_CONFIG_H -I. -I/home/msaraiva/dev/mark/Proj/Misc/once-campfire-c/vendor/src/libxcrypt  -I/home/msaraiva/dev/mark/Proj/Misc/once-campfire-c/vendor/src/libxcrypt/lib -DIN_LIBCRYPT  -Wall -Wextra -Walloca -Wbad-function-cast -Wcast-align -Wcast-qual -Wconversion -Wformat=2 -Wformat-signedness -Wmissing-declarations -Wmissing-prototypes -Wnested-externs -Wnull-dereference -Wold-style-definition -Wpointer-arith -Wshadow -Wstrict-overflow=2 -Wstrict-prototypes -Wundef -Wvla -Wwrite-strings -Wpedantic -fno-plt -g -O2 -MT lib/libcrypt_la-util-xbzero.lo -MD -MP -MF lib/.deps/libcrypt_la-util-xbzero.Tpo -c -o lib/libcrypt_la-util-xbzero.lo `test -f 'lib/util-xbzero.c' || echo '/home/msaraiva/dev/mark/Proj/Misc/once-campfire-c/vendor/src/libxcrypt/'`lib/util-xbzero.c
libtool: compile:  /home/msaraiva/.local/fil-c/0.685/filc-0.685-linux-x86_64/build/bin/clang -DHAVE_CONFIG_H -I. -I/home/msaraiva/dev/mark/Proj/Misc/once-campfire-c/vendor/src/libxcrypt -I/home/msaraiva/dev/mark/Proj/Misc/once-campfire-c/vendor/src/libxcrypt/lib -DIN_LIBCRYPT -Wall -Wextra -Walloca -Wbad-function-cast -Wcast-align -Wcast-qual -Wconversion -Wformat=2 -Wformat-signedness -Wmissing-declarations -Wmissing-prototypes -Wnested-externs -Wnull-dereference -Wold-style-definition -Wpointer-arith -Wshadow -Wstrict-overflow=2 -Wstrict-prototypes -Wundef -Wvla -Wwrite-strings -Wpedantic -fno-plt -g -O2 -MT lib/libcrypt_la-util-base64.lo -MD -MP -MF lib/.deps/libcrypt_la-util-base64.Tpo -c /home/msaraiva/dev/mark/Proj/Misc/once-campfire-c/vendor/src/libxcrypt/lib/util-base64.c -o lib/libcrypt_la-util-base64.o
/bin/sh ./libtool  --tag=CC   --mode=compile /home/msaraiva/.local/fil-c/0.685/filc-0.685-linux-x86_64/build/bin/clang -DHAVE_CONFIG_H -I. -I/home/msaraiva/dev/mark/Proj/Misc/once-campfire-c/vendor/src/libxcrypt  -I/home/msaraiva/dev/mark/Proj/Misc/once-campfire-c/vendor/src/libxcrypt/lib -DIN_LIBCRYPT  -Wall -Wextra -Walloca -Wbad-function-cast -Wcast-align -Wcast-qual -Wconversion -Wformat=2 -Wformat-signedness -Wmissing-declarations -Wmissing-prototypes -Wnested-externs -Wnull-dereference -Wold-style-definition -Wpointer-arith -Wshadow -Wstrict-overflow=2 -Wstrict-prototypes -Wundef -Wvla -Wwrite-strings -Wpedantic -fno-plt -g -O2 -MT lib/libcrypt_la-util-xstrcpy.lo -MD -MP -MF lib/.deps/libcrypt_la-util-xstrcpy.Tpo -c -o lib/libcrypt_la-util-xstrcpy.lo `test -f 'lib/util-xstrcpy.c' || echo '/home/msaraiva/dev/mark/Proj/Misc/once-campfire-c/vendor/src/libxcrypt/'`lib/util-xstrcpy.c
/bin/sh ./libtool  --tag=CC   --mode=link /home/msaraiva/.local/fil-c/0.685/filc-0.685-linux-x86_64/build/bin/clang -Wall -Wextra -Walloca -Wbad-function-cast -Wcast-align -Wcast-qual -Wconversion -Wformat=2 -Wformat-signedness -Wmissing-declarations -Wmissing-prototypes -Wnested-externs -Wnull-dereference -Wold-style-definition -Wpointer-arith -Wshadow -Wstrict-overflow=2 -Wstrict-prototypes -Wundef -Wvla -Wwrite-strings -Wpedantic -fno-plt -g -O2 -Wl,-z,relro -Wl,-z,now  -o lib/gen-des-tables lib/gen-des-tables.o  
mv -f lib/.deps/libcrypt_la-crypt-static.Tpo lib/.deps/libcrypt_la-crypt-static.Plo
libtool: compile:  /home/msaraiva/.local/fil-c/0.685/filc-0.685-linux-x86_64/build/bin/clang -DHAVE_CONFIG_H -I. -I/home/msaraiva/dev/mark/Proj/Misc/once-campfire-c/vendor/src/libxcrypt -I/home/msaraiva/dev/mark/Proj/Misc/once-campfire-c/vendor/src/libxcrypt/lib -DIN_LIBCRYPT -Wall -Wextra -Walloca -Wbad-function-cast -Wcast-align -Wcast-qual -Wconversion -Wformat=2 -Wformat-signedness -Wmissing-declarations -Wmissing-prototypes -Wnested-externs -Wnull-dereference -Wold-style-definition -Wpointer-arith -Wshadow -Wstrict-overflow=2 -Wstrict-prototypes -Wundef -Wvla -Wwrite-strings -Wpedantic -fno-plt -g -O2 -MT lib/libcrypt_la-util-make-failure-token.lo -MD -MP -MF lib/.deps/libcrypt_la-util-make-failure-token.Tpo -c /home/msaraiva/dev/mark/Proj/Misc/once-campfire-c/vendor/src/libxcrypt/lib/util-make-failure-token.c -o lib/libcrypt_la-util-make-failure-token.o
libtool: compile:  /home/msaraiva/.local/fil-c/0.685/filc-0.685-linux-x86_64/build/bin/clang -DHAVE_CONFIG_H -I. -I/home/msaraiva/dev/mark/Proj/Misc/once-campfire-c/vendor/src/libxcrypt -I/home/msaraiva/dev/mark/Proj/Misc/once-campfire-c/vendor/src/libxcrypt/lib -DIN_LIBCRYPT -Wall -Wextra -Walloca -Wbad-function-cast -Wcast-align -Wcast-qual -Wconversion -Wformat=2 -Wformat-signedness -Wmissing-declarations -Wmissing-prototypes -Wnested-externs -Wnull-dereference -Wold-style-definition -Wpointer-arith -Wshadow -Wstrict-overflow=2 -Wstrict-prototypes -Wundef -Wvla -Wwrite-strings -Wpedantic -fno-plt -g -O2 -MT lib/libcrypt_la-util-get-random-bytes.lo -MD -MP -MF lib/.deps/libcrypt_la-util-get-random-bytes.Tpo -c /home/msaraiva/dev/mark/Proj/Misc/once-campfire-c/vendor/src/libxcrypt/lib/util-get-random-bytes.c -o lib/libcrypt_la-util-get-random-bytes.o
libtool: compile:  /home/msaraiva/.local/fil-c/0.685/filc-0.685-linux-x86_64/build/bin/clang -DHAVE_CONFIG_H -I. -I/home/msaraiva/dev/mark/Proj/Misc/once-campfire-c/vendor/src/libxcrypt -I/home/msaraiva/dev/mark/Proj/Misc/once-campfire-c/vendor/src/libxcrypt/lib -DIN_LIBCRYPT -Wall -Wextra -Walloca -Wbad-function-cast -Wcast-align -Wcast-qual -Wconversion -Wformat=2 -Wformat-signedness -Wmissing-declarations -Wmissing-prototypes -Wnested-externs -Wnull-dereference -Wold-style-definition -Wpointer-arith -Wshadow -Wstrict-overflow=2 -Wstrict-prototypes -Wundef -Wvla -Wwrite-strings -Wpedantic -fno-plt -g -O2 -MT lib/libcrypt_la-util-gensalt-sha.lo -MD -MP -MF lib/.deps/libcrypt_la-util-gensalt-sha.Tpo -c /home/msaraiva/dev/mark/Proj/Misc/once-campfire-c/vendor/src/libxcrypt/lib/util-gensalt-sha.c -o lib/libcrypt_la-util-gensalt-sha.o
mv -f lib/.deps/libcrypt_la-alg-md4.Tpo lib/.deps/libcrypt_la-alg-md4.Plo
mv -f lib/.deps/libcrypt_la-util-base64.Tpo lib/.deps/libcrypt_la-util-base64.Plo
libtool: compile:  /home/msaraiva/.local/fil-c/0.685/filc-0.685-linux-x86_64/build/bin/clang -DHAVE_CONFIG_H -I. -I/home/msaraiva/dev/mark/Proj/Misc/once-campfire-c/vendor/src/libxcrypt -I/home/msaraiva/dev/mark/Proj/Misc/once-campfire-c/vendor/src/libxcrypt/lib -DIN_LIBCRYPT -Wall -Wextra -Walloca -Wbad-function-cast -Wcast-align -Wcast-qual -Wconversion -Wformat=2 -Wformat-signedness -Wmissing-declarations -Wmissing-prototypes -Wnested-externs -Wnull-dereference -Wold-style-definition -Wpointer-arith -Wshadow -Wstrict-overflow=2 -Wstrict-prototypes -Wundef -Wvla -Wwrite-strings -Wpedantic -fno-plt -g -O2 -MT lib/libcrypt_la-util-xbzero.lo -MD -MP -MF lib/.deps/libcrypt_la-util-xbzero.Tpo -c /home/msaraiva/dev/mark/Proj/Misc/once-campfire-c/vendor/src/libxcrypt/lib/util-xbzero.c -o lib/libcrypt_la-util-xbzero.o
mv -f lib/.deps/libcrypt_la-crypt-nthash.Tpo lib/.deps/libcrypt_la-crypt-nthash.Plo
libtool: compile:  /home/msaraiva/.local/fil-c/0.685/filc-0.685-linux-x86_64/build/bin/clang -DHAVE_CONFIG_H -I. -I/home/msaraiva/dev/mark/Proj/Misc/once-campfire-c/vendor/src/libxcrypt -I/home/msaraiva/dev/mark/Proj/Misc/once-campfire-c/vendor/src/libxcrypt/lib -DIN_LIBCRYPT -Wall -Wextra -Walloca -Wbad-function-cast -Wcast-align -Wcast-qual -Wconversion -Wformat=2 -Wformat-signedness -Wmissing-declarations -Wmissing-prototypes -Wnested-externs -Wnull-dereference -Wold-style-definition -Wpointer-arith -Wshadow -Wstrict-overflow=2 -Wstrict-prototypes -Wundef -Wvla -Wwrite-strings -Wpedantic -fno-plt -g -O2 -MT lib/libcrypt_la-util-xstrcpy.lo -MD -MP -MF lib/.deps/libcrypt_la-util-xstrcpy.Tpo -c /home/msaraiva/dev/mark/Proj/Misc/once-campfire-c/vendor/src/libxcrypt/lib/util-xstrcpy.c -o lib/libcrypt_la-util-xstrcpy.o
mv -f lib/.deps/libcrypt_la-crypt-sm3-yescrypt.Tpo lib/.deps/libcrypt_la-crypt-sm3-yescrypt.Plo
mv -f lib/.deps/libcrypt_la-util-make-failure-token.Tpo lib/.deps/libcrypt_la-util-make-failure-token.Plo
mv -f lib/.deps/libcrypt_la-alg-md5.Tpo lib/.deps/libcrypt_la-alg-md5.Plo
mv -f lib/.deps/libcrypt_la-util-xbzero.Tpo lib/.deps/libcrypt_la-util-xbzero.Plo
mv -f lib/.deps/libcrypt_la-crypt-sunmd5.Tpo lib/.deps/libcrypt_la-crypt-sunmd5.Plo
mv -f lib/.deps/libcrypt_la-util-get-random-bytes.Tpo lib/.deps/libcrypt_la-util-get-random-bytes.Plo
libtool: link: /home/msaraiva/.local/fil-c/0.685/filc-0.685-linux-x86_64/build/bin/clang -Wall -Wextra -Walloca -Wbad-function-cast -Wcast-align -Wcast-qual -Wconversion -Wformat=2 -Wformat-signedness -Wmissing-declarations -Wmissing-prototypes -Wnested-externs -Wnull-dereference -Wold-style-definition -Wpointer-arith -Wshadow -Wstrict-overflow=2 -Wstrict-prototypes -Wundef -Wvla -Wwrite-strings -Wpedantic -fno-plt -g -O2 -Wl,-z -Wl,relro -Wl,-z -Wl,now -o lib/gen-des-tables lib/gen-des-tables.o 
mv -f lib/.deps/libcrypt_la-util-gensalt-sha.Tpo lib/.deps/libcrypt_la-util-gensalt-sha.Plo
mv -f lib/.deps/libcrypt_la-crypt-yescrypt.Tpo lib/.deps/libcrypt_la-crypt-yescrypt.Plo
mv -f lib/.deps/libcrypt_la-util-xstrcpy.Tpo lib/.deps/libcrypt_la-util-xstrcpy.Plo
mv -f lib/.deps/libcrypt_la-crypt-sm3.Tpo lib/.deps/libcrypt_la-crypt-sm3.Plo
mv -f lib/.deps/libcrypt_la-crypt-sha256.Tpo lib/.deps/libcrypt_la-crypt-sha256.Plo
mv -f lib/.deps/libcrypt_la-crypt.Tpo lib/.deps/libcrypt_la-crypt.Plo
mv -f lib/.deps/libcrypt_la-alg-sha512.Tpo lib/.deps/libcrypt_la-alg-sha512.Plo
mv -f lib/.deps/libcrypt_la-alg-sm3.Tpo lib/.deps/libcrypt_la-alg-sm3.Plo
mv -f lib/.deps/libcrypt_la-crypt-sha512.Tpo lib/.deps/libcrypt_la-crypt-sha512.Plo
mv -f lib/.deps/libcrypt_la-alg-sha256.Tpo lib/.deps/libcrypt_la-alg-sha256.Plo
mv -f lib/.deps/libcrypt_la-alg-yescrypt-common.Tpo lib/.deps/libcrypt_la-alg-yescrypt-common.Plo
mv -f lib/.deps/libcrypt_la-alg-yescrypt-opt.Tpo lib/.deps/libcrypt_la-alg-yescrypt-opt.Plo
mv -f lib/.deps/libcrypt_la-crypt-bcrypt.Tpo lib/.deps/libcrypt_la-crypt-bcrypt.Plo
/bin/sh ./libtool  --tag=CC   --mode=link /home/msaraiva/.local/fil-c/0.685/filc-0.685-linux-x86_64/build/bin/clang -Wall -Wextra -Walloca -Wbad-function-cast -Wcast-align -Wcast-qual -Wconversion -Wformat=2 -Wformat-signedness -Wmissing-declarations -Wmissing-prototypes -Wnested-externs -Wnull-dereference -Wold-style-definition -Wpointer-arith -Wshadow -Wstrict-overflow=2 -Wstrict-prototypes -Wundef -Wvla -Wwrite-strings -Wpedantic -fno-plt -g -O2 -version-info 2:0:0 -Wl,--version-script,./libcrypt.map -Wl,-z,defs -Wl,-z,text -Wl,-z,relro -Wl,-z,now  -o libcrypt.la -rpath /home/msaraiva/dev/mark/Proj/Misc/once-campfire-c/vendor/build/libxcrypt-filc/prefix/lib lib/libcrypt_la-alg-des-tables.lo lib/libcrypt_la-alg-des.lo lib/libcrypt_la-alg-gost3411-2012-core.lo lib/libcrypt_la-alg-gost3411-2012-hmac.lo lib/libcrypt_la-alg-hmac-sha1.lo lib/libcrypt_la-alg-md4.lo lib/libcrypt_la-alg-md5.lo lib/libcrypt_la-alg-sha1.lo lib/libcrypt_la-alg-sha256.lo lib/libcrypt_la-alg-sha512.lo lib/libcrypt_la-alg-sm3.lo lib/libcrypt_la-alg-sm3-hmac.lo lib/libcrypt_la-alg-yescrypt-common.lo lib/libcrypt_la-alg-yescrypt-opt.lo lib/libcrypt_la-crypt-bcrypt.lo lib/libcrypt_la-crypt-des.lo lib/libcrypt_la-crypt-gensalt-static.lo lib/libcrypt_la-crypt-gost-yescrypt.lo lib/libcrypt_la-crypt-sm3-yescrypt.lo lib/libcrypt_la-crypt-md5.lo lib/libcrypt_la-crypt-nthash.lo lib/libcrypt_la-crypt-pbkdf1-sha1.lo lib/libcrypt_la-crypt-scrypt.lo lib/libcrypt_la-crypt-sha256.lo lib/libcrypt_la-crypt-sha512.lo lib/libcrypt_la-crypt-sm3.lo lib/libcrypt_la-crypt-static.lo lib/libcrypt_la-crypt-sunmd5.lo lib/libcrypt_la-crypt-yescrypt.lo lib/libcrypt_la-crypt.lo lib/libcrypt_la-util-base64.lo lib/libcrypt_la-util-gensalt-sha.lo lib/libcrypt_la-util-get-random-bytes.lo lib/libcrypt_la-util-make-failure-token.lo lib/libcrypt_la-util-xbzero.lo lib/libcrypt_la-util-xstrcpy.lo   
libtool: link: ar cr .libs/libcrypt.a lib/libcrypt_la-alg-des-tables.o lib/libcrypt_la-alg-des.o lib/libcrypt_la-alg-gost3411-2012-core.o lib/libcrypt_la-alg-gost3411-2012-hmac.o lib/libcrypt_la-alg-hmac-sha1.o lib/libcrypt_la-alg-md4.o lib/libcrypt_la-alg-md5.o lib/libcrypt_la-alg-sha1.o lib/libcrypt_la-alg-sha256.o lib/libcrypt_la-alg-sha512.o lib/libcrypt_la-alg-sm3.o lib/libcrypt_la-alg-sm3-hmac.o lib/libcrypt_la-alg-yescrypt-common.o lib/libcrypt_la-alg-yescrypt-opt.o lib/libcrypt_la-crypt-bcrypt.o lib/libcrypt_la-crypt-des.o lib/libcrypt_la-crypt-gensalt-static.o lib/libcrypt_la-crypt-gost-yescrypt.o lib/libcrypt_la-crypt-sm3-yescrypt.o lib/libcrypt_la-crypt-md5.o lib/libcrypt_la-crypt-nthash.o lib/libcrypt_la-crypt-pbkdf1-sha1.o lib/libcrypt_la-crypt-scrypt.o lib/libcrypt_la-crypt-sha256.o lib/libcrypt_la-crypt-sha512.o lib/libcrypt_la-crypt-sm3.o lib/libcrypt_la-crypt-static.o lib/libcrypt_la-crypt-sunmd5.o lib/libcrypt_la-crypt-yescrypt.o lib/libcrypt_la-crypt.o lib/libcrypt_la-util-base64.o lib/libcrypt_la-util-gensalt-sha.o lib/libcrypt_la-util-get-random-bytes.o lib/libcrypt_la-util-make-failure-token.o lib/libcrypt_la-util-xbzero.o lib/libcrypt_la-util-xstrcpy.o
libtool: link: ranlib .libs/libcrypt.a
libtool: link: ( cd ".libs" && rm -f "libcrypt.la" && ln -s "../libcrypt.la" "libcrypt.la" )
make[1]: Leaving directory '/home/msaraiva/dev/mark/Proj/Misc/once-campfire-c/vendor/build/libxcrypt-filc'
+ /home/msaraiva/.local/fil-c/0.685/filc-0.685-linux-x86_64/build/bin/clang -std=c11 -D_POSIX_C_SOURCE=200809L -D_GNU_SOURCE -Wall -Wextra -Werror -pthread -I. probe.c .libs/libcrypt.a -o probe
+ set +x
=== probe run ===
ok: rust-ref vector as $2b$ (cost 12) -> $2b$12$I/2qP3ixlNN..JU2dXSN0umG7/Folk3aUaqgSHn/Rl0G82O9WYk66
ok: OpenBSD regress vector as $2b$ (cost 5) -> $2b$05$CCCCCCCCCCCCCCCCCCCCC.E5YPO9kmyuRGyh0XouQYb4YMJKvyOeW
ok: published OpenBSD $2a$ body (cost 5) -> $2a$05$CCCCCCCCCCCCCCCCCCCCC.E5YPO9kmyuRGyh0XouQYb4YMJKvyOeW
ok: repeated call is deterministic -> $2b$05$CCCCCCCCCCCCCCCCCCCCC.E5YPO9kmyuRGyh0XouQYb4YMJKvyOeW
ok: 4 concurrent crypt_r x 25 rounds are state-independent
probe_result: READY (0 failure(s))

=== build.sh exit: 0 (set -euo pipefail; probe is its final command) ===
=== separate probe re-run exit: 0 ===
