== fetch state ==
6447536015f3d600f3d65323b10976103b337ca7
== build ==
clang --version: Homebrew clang version 23.1.2
+ clang -O2 -std=c11 -D_POSIX_C_SOURCE=200809L -D_GNU_SOURCE -c vendor/src/yyjson/src/yyjson.c
+ clang -O2 -std=c11 ... -Wall -Wextra -Werror -pthread probe.c -I src libyyjson.a -o probe
== probe ==
parsed object iteration order:
  [0] zeta type=uint
  [1] alpha type=uint
  [2] middle type=array
  [3] beta type=object
iteration count=4 expect=4
invalid_utf8 parse -> REJECTED code=10 msg="invalid UTF-8 encoding in string" pos=7
NaN literal parse -> REJECTED code=6 msg="unexpected character, expected a JSON value"
Infinity literal parse -> REJECTED code=6 msg="unexpected character, expected a JSON value"
1e999 overflow literal parse -> REJECTED code=9 msg="number is infinity when parsed as double"
writer_output={"b":7,"a":"x\"y","arr":[true,null,3.5]}
writer_expected={"b":7,"a":"x\"y","arr":[true,null,3.5]}
writer_NaN -> (null) code=4 msg="nan or inf number is not allowed"
probe_result=PASS
probe exit=0
